Godot Engine v4.5.1.stable.jvm.0.14.3.gh.f62fdbde1 (2025-10-13 19:05:40 UTC) - https://godotengine.org

Godot-JVM: You are running on desktop. VM automatically set to JVM
WARNING: Godot-JVM: Godot-JVM: You really should embed a JRE in your project with jlink! See the documentation if you don't know how to do that
   at: GDKotlin::load_dynamic_lib (modules\kotlin_jvm\src\gd_kotlin.cpp:41)
ERROR: Godot-JVM: kotlin.TypeCastException: Shared Buffer Error: JVM expected a DOUBLE but received a LONG.
	at godot.core.VariantParser.toKotlin(Variant.kt:484)
	at godot.core.VariantCaster$VariantSimpleCaster.toKotlin(Variant.kt:511)
	at godot.internal.memory.TransferContext.readSingleArgument(TransferContext.kt:50)
	at godot.core.KtProperty.extractSetterArgument(Properties.kt:52)
	at godot.core.KtProperty.callSet(Properties.kt:42)

   at: bridges::GodotPrintBridge::print_exception_stacktrace (modules\kotlin_jvm\src\jvm_wrapper\bridge\godot_print_bridge.cpp:46)
ERROR: Godot-JVM: kotlin.TypeCastException: Shared Buffer Error: JVM expected a DOUBLE but received a LONG.
	at godot.core.VariantParser.toKotlin(Variant.kt:484)
	at godot.core.VariantCaster$VariantSimpleCaster.toKotlin(Variant.kt:511)
	at godot.internal.memory.TransferContext.readSingleArgument(TransferContext.kt:50)
	at godot.core.KtProperty.extractSetterArgument(Properties.kt:52)
	at godot.core.KtProperty.callSet(Properties.kt:42)

   at: bridges::GodotPrintBridge::print_exception_stacktrace (modules\kotlin_jvm\src\jvm_wrapper\bridge\godot_print_bridge.cpp:46)
ERROR: Godot-JVM: kotlin.TypeCastException: Shared Buffer Error: JVM expected a DOUBLE but received a LONG.
	at godot.core.VariantParser.toKotlin(Variant.kt:484)
	at godot.core.VariantCaster$VariantSimpleCaster.toKotlin(Variant.kt:511)
	at godot.internal.memory.TransferContext.readSingleArgument(TransferContext.kt:50)
	at godot.core.KtProperty.extractSetterArgument(Properties.kt:52)
	at godot.core.KtProperty.callSet(Properties.kt:42)

   at: bridges::GodotPrintBridge::print_exception_stacktrace (modules\kotlin_jvm\src\jvm_wrapper\bridge\godot_print_bridge.cpp:46)
ERROR: Godot-JVM: kotlin.TypeCastException: Shared Buffer Error: JVM expected a DOUBLE but received a LONG.
	at godot.core.VariantParser.toKotlin(Variant.kt:484)
	at godot.core.VariantCaster$VariantSimpleCaster.toKotlin(Variant.kt:511)
	at godot.internal.memory.TransferContext.readSingleArgument(TransferContext.kt:50)
	at godot.core.KtProperty.extractSetterArgument(Properties.kt:52)
	at godot.core.KtProperty.callSet(Properties.kt:42)

   at: bridges::GodotPrintBridge::print_exception_stacktrace (modules\kotlin_jvm\src\jvm_wrapper\bridge\godot_print_bridge.cpp:46)
ERROR: Godot-JVM: kotlin.TypeCastException: Shared Buffer Error: JVM expected a DOUBLE but received a LONG.
	at godot.core.VariantParser.toKotlin(Variant.kt:484)
	at godot.core.VariantCaster$VariantSimpleCaster.toKotlin(Variant.kt:511)
	at godot.internal.memory.TransferContext.readSingleArgument(TransferContext.kt:50)
	at godot.core.KtProperty.extractSetterArgument(Properties.kt:52)
	at godot.core.KtProperty.callSet(Properties.kt:42)

   at: bridges::GodotPrintBridge::print_exception_stacktrace (modules\kotlin_jvm\src\jvm_wrapper\bridge\godot_print_bridge.cpp:46)
ERROR: Godot-JVM: kotlin.TypeCastException: Shared Buffer Error: JVM expected a DOUBLE but received a LONG.
	at godot.core.VariantParser.toKotlin(Variant.kt:484)
	at godot.core.VariantCaster$VariantSimpleCaster.toKotlin(Variant.kt:511)
	at godot.internal.memory.TransferContext.readSingleArgument(TransferContext.kt:50)
	at godot.core.KtProperty.extractSetterArgument(Properties.kt:52)
	at godot.core.KtProperty.callSet(Properties.kt:42)

   at: bridges::GodotPrintBridge::print_exception_stacktrace (modules\kotlin_jvm\src\jvm_wrapper\bridge\godot_print_bridge.cpp:46)
ERROR: Godot-JVM: kotlin.TypeCastException: Shared Buffer Error: JVM expected a DOUBLE but received a LONG.
	at godot.core.VariantParser.toKotlin(Variant.kt:484)
	at godot.core.VariantCaster$VariantSimpleCaster.toKotlin(Variant.kt:511)
	at godot.internal.memory.TransferContext.readSingleArgument(TransferContext.kt:50)
	at godot.core.KtProperty.extractSetterArgument(Properties.kt:52)
	at godot.core.KtProperty.callSet(Properties.kt:42)

   at: bridges::GodotPrintBridge::print_exception_stacktrace (modules\kotlin_jvm\src\jvm_wrapper\bridge\godot_print_bridge.cpp:46)
ERROR: Godot-JVM: kotlin.TypeCastException: Shared Buffer Error: JVM expected a DOUBLE but received a LONG.
	at godot.core.VariantParser.toKotlin(Variant.kt:484)
	at godot.core.VariantCaster$VariantSimpleCaster.toKotlin(Variant.kt:511)
	at godot.internal.memory.TransferContext.readSingleArgument(TransferContext.kt:50)
	at godot.core.KtProperty.extractSetterArgument(Properties.kt:52)
	at godot.core.KtProperty.callSet(Properties.kt:42)

   at: bridges::GodotPrintBridge::print_exception_stacktrace (modules\kotlin_jvm\src\jvm_wrapper\bridge\godot_print_bridge.cpp:46)
ERROR: Godot-JVM: kotlin.TypeCastException: Shared Buffer Error: JVM expected a DOUBLE but received a LONG.
	at godot.core.VariantParser.toKotlin(Variant.kt:484)
	at godot.core.VariantCaster$VariantSimpleCaster.toKotlin(Variant.kt:511)
	at godot.internal.memory.TransferContext.readSingleArgument(TransferContext.kt:50)
	at godot.core.KtProperty.extractSetterArgument(Properties.kt:52)
	at godot.core.KtProperty.callSet(Properties.kt:42)

   at: bridges::GodotPrintBridge::print_exception_stacktrace (modules\kotlin_jvm\src\jvm_wrapper\bridge\godot_print_bridge.cpp:46)
ERROR: Godot-JVM: kotlin.TypeCastException: Shared Buffer Error: JVM expected a DOUBLE but received a LONG.
	at godot.core.VariantParser.toKotlin(Variant.kt:484)
	at godot.core.VariantCaster$VariantSimpleCaster.toKotlin(Variant.kt:511)
	at godot.internal.memory.TransferContext.readSingleArgument(TransferContext.kt:50)
	at godot.core.KtProperty.extractSetterArgument(Properties.kt:52)
	at godot.core.KtProperty.callSet(Properties.kt:42)

   at: bridges::GodotPrintBridge::print_exception_stacktrace (modules\kotlin_jvm\src\jvm_wrapper\bridge\godot_print_bridge.cpp:46)
ERROR: Godot-JVM: kotlin.TypeCastException: Shared Buffer Error: JVM expected a DOUBLE but received a LONG.
	at godot.core.VariantParser.toKotlin(Variant.kt:484)
	at godot.core.VariantCaster$VariantSimpleCaster.toKotlin(Variant.kt:511)
	at godot.internal.memory.TransferContext.readSingleArgument(TransferContext.kt:50)
	at godot.core.KtProperty.extractSetterArgument(Properties.kt:52)
	at godot.core.KtProperty.callSet(Properties.kt:42)

   at: bridges::GodotPrintBridge::print_exception_stacktrace (modules\kotlin_jvm\src\jvm_wrapper\bridge\godot_print_bridge.cpp:46)
ERROR: Godot-JVM: kotlin.TypeCastException: Shared Buffer Error: JVM expected a DOUBLE but received a LONG.
	at godot.core.VariantParser.toKotlin(Variant.kt:484)
	at godot.core.VariantCaster$VariantSimpleCaster.toKotlin(Variant.kt:511)
	at godot.internal.memory.TransferContext.readSingleArgument(TransferContext.kt:50)
	at godot.core.KtProperty.extractSetterArgument(Properties.kt:52)
	at godot.core.KtProperty.callSet(Properties.kt:42)

   at: bridges::GodotPrintBridge::print_exception_stacktrace (modules\kotlin_jvm\src\jvm_wrapper\bridge\godot_print_bridge.cpp:46)
ERROR: Godot-JVM: kotlin.TypeCastException: Shared Buffer Error: JVM expected a DOUBLE but received a LONG.
	at godot.core.VariantParser.toKotlin(Variant.kt:484)
	at godot.core.VariantCaster$VariantSimpleCaster.toKotlin(Variant.kt:511)
	at godot.internal.memory.TransferContext.readSingleArgument(TransferContext.kt:50)
	at godot.core.KtProperty.extractSetterArgument(Properties.kt:52)
	at godot.core.KtProperty.callSet(Properties.kt:42)

   at: bridges::GodotPrintBridge::print_exception_stacktrace (modules\kotlin_jvm\src\jvm_wrapper\bridge\godot_print_bridge.cpp:46)
ERROR: Godot-JVM: kotlin.TypeCastException: Shared Buffer Error: JVM expected a DOUBLE but received a LONG.
	at godot.core.VariantParser.toKotlin(Variant.kt:484)
	at godot.core.VariantCaster$VariantSimpleCaster.toKotlin(Variant.kt:511)
	at godot.internal.memory.TransferContext.readSingleArgument(TransferContext.kt:50)
	at godot.core.KtProperty.extractSetterArgument(Properties.kt:52)
	at godot.core.KtProperty.callSet(Properties.kt:42)

   at: bridges::GodotPrintBridge::print_exception_stacktrace (modules\kotlin_jvm\src\jvm_wrapper\bridge\godot_print_bridge.cpp:46)
ERROR: Godot-JVM: kotlin.TypeCastException: Shared Buffer Error: JVM expected a DOUBLE but received a LONG.
	at godot.core.VariantParser.toKotlin(Variant.kt:484)
	at godot.core.VariantCaster$VariantSimpleCaster.toKotlin(Variant.kt:511)
	at godot.internal.memory.TransferContext.readSingleArgument(TransferContext.kt:50)
	at godot.core.KtProperty.extractSetterArgument(Properties.kt:52)
	at godot.core.KtProperty.callSet(Properties.kt:42)

   at: bridges::GodotPrintBridge::print_exception_stacktrace (modules\kotlin_jvm\src\jvm_wrapper\bridge\godot_print_bridge.cpp:46)
ERROR: Godot-JVM: kotlin.TypeCastException: Shared Buffer Error: JVM expected a DOUBLE but received a LONG.
	at godot.core.VariantParser.toKotlin(Variant.kt:484)
	at godot.core.VariantCaster$VariantSimpleCaster.toKotlin(Variant.kt:511)
	at godot.internal.memory.TransferContext.readSingleArgument(TransferContext.kt:50)
	at godot.core.KtProperty.extractSetterArgument(Properties.kt:52)
	at godot.core.KtProperty.callSet(Properties.kt:42)

   at: bridges::GodotPrintBridge::print_exception_stacktrace (modules\kotlin_jvm\src\jvm_wrapper\bridge\godot_print_bridge.cpp:46)
