Godot Engine v4.5.1.stable.jvm.0.14.3.gh.f62fdbde1 (2025-10-13 19:05:40 UTC) - https://godotengine.org
Vulkan 1.3.260 - Forward Mobile - Using Device #0: NVIDIA - NVIDIA GeForce RTX 4050 Laptop GPU

Godot-JVM: You are running on desktop. VM automatically set to JVM
WARNING: Godot-JVM: Godot-JVM: You really should embed a JRE in your project with jlink! See the documentation if you don't know how to do that
   at: GDKotlin::load_dynamic_lib (modules\kotlin_jvm\src\gd_kotlin.cpp:41)
=== [1] SPAWNER STARTED ===
QUÉT TRÚNG RỒI! Tên Area là: HurtboxComponent
Đã thêm quái: EnemyChaser | Số lượng: 1
QUÉT TRÚNG RỒI! Tên Area là: HitboxComponent
==== KIỂM TRA TIMER ====
1. File Stats báo Cooldown là: 1.2 giây
2. Timer thực tế đang cài đặt WaitTime là: 1.2000000476837158 giây
3. Đã bấm Start! Thời gian đếm ngược còn lại: 1.2000000476837158 giây
========================
QUÉT TRÚNG RỒI! Tên Area là: HitboxComponent
Đã thêm quái: EnemyChaser | Số lượng: 1
==== KIỂM TRA TIMER ====
1. File Stats báo Cooldown là: 1.0 giây
2. Timer thực tế đang cài đặt WaitTime là: 1.0 giây
3. Đã bấm Start! Thời gian đếm ngược còn lại: 1.0 giây
========================
QUÉT TRÚNG RỒI! Tên Area là: HitboxComponent
Đã thêm quái: EnemyChaser | Số lượng: 1
==== KIỂM TRA TIMER ====
1. File Stats báo Cooldown là: 0.1 giây
2. Timer thực tế đang cài đặt WaitTime là: 0.10000000149011612 giây
3. Đã bấm Start! Thời gian đếm ngược còn lại: 0.10000000149011612 giây
========================
QUÉT TRÚNG RỒI! Tên Area là: HurtboxComponent
QUÉT TRÚNG RỒI! Tên Area là: HurtboxComponent
CHÉM TRÚNG: EnemyChaser
HURTBOX EnemyChaser ENTERED BY: HitBoxComponent (class: HitBoxComponent)
HURTBOX EnemyChaser DETECTED HITBOX! Damage = 65.0
EnemyChaser 0.0
HURTBOX EnemyChaser ENTERED BY: HitboxComponent (class: HitBoxComponent)
HURTBOX EnemyChaser DETECTED HITBOX! Damage = 85.0
Đạn đã bay màu khỏi màn hình!
Đã bật đồng hồ cái đuôi chạy 0.6 giây!
BOMB _ready: hitbox = HitboxComponent:<Area2D#79255570399>
BOMB _ready: hitbox collision_layer = 4, collision_mask = 34
Đã bật đồng hồ cái đuôi chạy 0.6 giây!
BOMB explode called
BOMB explode: hitbox enabled. Damage = 100.0, monitoring = false, monitorable = false
CHÉM TRÚNG: @Area2D@2
CHÉM TRÚNG: EnemyChaserSlow
CHÉM TRÚNG: @Area2D@3
CHÉM TRÚNG: @Area2D@4
CHÉM TRÚNG: @Area2D@5
HURTBOX @Area2D@5 ENTERED BY: HitboxComponent (class: HitBoxComponent)
HURTBOX @Area2D@5 DETECTED HITBOX! Damage = 100.0
@Area2D@5 0.0
QUÉT TRÚNG RỒI! Tên Area là: HitboxComponent
Đã thêm quái: @Area2D@2 | Số lượng: 1
==== KIỂM TRA TIMER ====
1. File Stats báo Cooldown là: 0.1 giây
2. Timer thực tế đang cài đặt WaitTime là: 0.10000000149011612 giây
3. Đã bấm Start! Thời gian đếm ngược còn lại: 0.10000000149011612 giây
========================
QUÉT TRÚNG RỒI! Tên Area là: HurtboxComponent
==== KIỂM TRA TIMER ====
1. File Stats báo Cooldown là: 0.1 giây
2. Timer thực tế đang cài đặt WaitTime là: 0.10000000149011612 giây
3. Đã bấm Start! Thời gian đếm ngược còn lại: 0.10000000149011612 giây
========================
HURTBOX @Area2D@2 ENTERED BY: HitboxComponent (class: HitBoxComponent)
HURTBOX @Area2D@2 DETECTED HITBOX! Damage = 51.0
@Area2D@2 0.0
CHÉM TRÚNG: @Area2D@2
HURTBOX @Area2D@3 ENTERED BY: HitboxComponent (class: HitBoxComponent)
HURTBOX @Area2D@3 DETECTED HITBOX! Damage = 51.0
@Area2D@3 0.0
CHÉM TRÚNG: @Area2D@3
CHÉM TRÚNG: @Area2D@6
HURTBOX @Area2D@6 ENTERED BY: HitboxComponent (class: HitBoxComponent)
HURTBOX @Area2D@6 DETECTED HITBOX! Damage = 100.0
@Area2D@6 0.0
HURTBOX Player_aph ENTERED BY: HitboxComponent (class: HitBoxComponent)
HURTBOX Player_aph DETECTED HITBOX! Damage = 10.0
Player_aph 90.0
CHÉM TRÚNG: Player_aph
CHÉM TRÚNG: Player_aph
HURTBOX Player_aph ENTERED BY: HitboxComponent (class: HitBoxComponent)
HURTBOX Player_aph DETECTED HITBOX! Damage = 10.0
Blocked
CHÉM TRÚNG: Player_aph
HURTBOX Player_aph ENTERED BY: HitboxComponent (class: HitBoxComponent)
HURTBOX Player_aph DETECTED HITBOX! Damage = 10.0
Blocked
QUÉT TRÚNG RỒI! Tên Area là: HitboxComponent
Đã thêm quái: @Area2D@4 | Số lượng: 1
==== KIỂM TRA TIMER ====
1. File Stats báo Cooldown là: 0.1 giây
2. Timer thực tế đang cài đặt WaitTime là: 0.10000000149011612 giây
3. Đã bấm Start! Thời gian đếm ngược còn lại: 0.10000000149011612 giây
========================
QUÉT TRÚNG RỒI! Tên Area là: HurtboxComponent
==== KIỂM TRA TIMER ====
1. File Stats báo Cooldown là: 0.1 giây
2. Timer thực tế đang cài đặt WaitTime là: 0.10000000149011612 giây
3. Đã bấm Start! Thời gian đếm ngược còn lại: 0.10000000149011612 giây
========================
HURTBOX @Area2D@4 ENTERED BY: HitboxComponent (class: HitBoxComponent)
HURTBOX @Area2D@4 DETECTED HITBOX! Damage = 51.0
@Area2D@4 0.0
CHÉM TRÚNG: @Area2D@4
QUÉT TRÚNG RỒI! Tên Area là: HitboxComponent
Đã thêm quái: EnemyChaserSlow | Số lượng: 1
QUÉT TRÚNG RỒI! Tên Area là: HurtboxComponent
QUÉT TRÚNG RỒI! Tên Area là: HitboxComponent
Đã thêm quái: EnemyChaserSlow | Số lượng: 1
==== KIỂM TRA TIMER ====
1. File Stats báo Cooldown là: 1.2 giây
2. Timer thực tế đang cài đặt WaitTime là: 1.2000000476837158 giây
3. Đã bấm Start! Thời gian đếm ngược còn lại: 1.2000000476837158 giây
========================
==== KIỂM TRA TIMER ====
1. File Stats báo Cooldown là: 0.1 giây
2. Timer thực tế đang cài đặt WaitTime là: 0.10000000149011612 giây
3. Đã bấm Start! Thời gian đếm ngược còn lại: 0.10000000149011612 giây
========================
QUÉT TRÚNG RỒI! Tên Area là: HurtboxComponent
HURTBOX EnemyChaserSlow ENTERED BY: HitboxComponent (class: HitBoxComponent)
HURTBOX EnemyChaserSlow DETECTED HITBOX! Damage = 51.0
EnemyChaserSlow 0.0
CHÉM TRÚNG: EnemyChaserSlow
==== KIỂM TRA TIMER ====
1. File Stats báo Cooldown là: 0.1 giây
2. Timer thực tế đang cài đặt WaitTime là: 0.10000000149011612 giây
3. Đã bấm Start! Thời gian đếm ngược còn lại: 0.10000000149011612 giây
========================
Đạn đã bay màu khỏi màn hình!
Đạn đã bay màu khỏi màn hình!
Đạn đã bay màu khỏi màn hình!
Đạn đã bay màu khỏi màn hình!
Đạn đã bay màu khỏi màn hình!
Đã bật đồng hồ cái đuôi chạy 0.6 giây!
BOMB _ready: hitbox = HitboxComponent:<Area2D#92996110589>
BOMB _ready: hitbox collision_layer = 4, collision_mask = 34
Đã bật đồng hồ cái đuôi chạy 0.6 giây!
QUÉT TRÚNG RỒI! Tên Area là: HitboxComponent
Đã thêm quái: @Area2D@9 | Số lượng: 1
==== KIỂM TRA TIMER ====
1. File Stats báo Cooldown là: 0.1 giây
2. Timer thực tế đang cài đặt WaitTime là: 0.10000000149011612 giây
3. Đã bấm Start! Thời gian đếm ngược còn lại: 0.10000000149011612 giây
========================
QUÉT TRÚNG RỒI! Tên Area là: HurtboxComponent
QUÉT TRÚNG RỒI! Tên Area là: HitboxComponent
Đã thêm quái: @Area2D@9 | Số lượng: 1
==== KIỂM TRA TIMER ====
1. File Stats báo Cooldown là: 1.2 giây
2. Timer thực tế đang cài đặt WaitTime là: 1.2000000476837158 giây
3. Đã bấm Start! Thời gian đếm ngược còn lại: 1.2000000476837158 giây
========================
==== KIỂM TRA TIMER ====
1. File Stats báo Cooldown là: 0.1 giây
2. Timer thực tế đang cài đặt WaitTime là: 0.10000000149011612 giây
3. Đã bấm Start! Thời gian đếm ngược còn lại: 0.10000000149011612 giây
========================
HURTBOX @Area2D@9 ENTERED BY: HitboxComponent (class: HitBoxComponent)
HURTBOX @Area2D@9 DETECTED HITBOX! Damage = 51.0
@Area2D@9 0.0
CHÉM TRÚNG: @Area2D@9
CHÉM TRÚNG: @Area2D@17
HURTBOX @Area2D@17 ENTERED BY: HitboxComponent (class: HitBoxComponent)
HURTBOX @Area2D@17 DETECTED HITBOX! Damage = 51.0
@Area2D@17 0.0
BOMB explode called
BOMB explode: hitbox enabled. Damage = 100.0, monitoring = false, monitorable = false
HURTBOX Player_aph ENTERED BY: HitboxComponent (class: HitBoxComponent)
HURTBOX Player_aph DETECTED HITBOX! Damage = 10.0
Player_aph 80.0
CHÉM TRÚNG: Player_aph
CHÉM TRÚNG: @Area2D@20
CHÉM TRÚNG: @Area2D@23
HURTBOX @Area2D@23 ENTERED BY: HitboxComponent (class: HitBoxComponent)
HURTBOX @Area2D@23 DETECTED HITBOX! Damage = 100.0
@Area2D@23 0.0
QUÉT TRÚNG RỒI! Tên Area là: HurtboxComponent
Đã thêm quái: @Area2D@23 | Số lượng: 1
QUÉT TRÚNG RỒI! Tên Area là: HitboxComponent
==== KIỂM TRA TIMER ====
1. File Stats báo Cooldown là: 1.2 giây
2. Timer thực tế đang cài đặt WaitTime là: 1.2000000476837158 giây
3. Đã bấm Start! Thời gian đếm ngược còn lại: 1.2000000476837158 giây
========================
HURTBOX Player_aph ENTERED BY: HitboxComponent (class: HitBoxComponent)
HURTBOX Player_aph DETECTED HITBOX! Damage = 10.0
Player_aph 70.0
CHÉM TRÚNG: Player_aph
CHÉM TRÚNG: Player_aph
HURTBOX Player_aph ENTERED BY: HitboxComponent (class: HitBoxComponent)
HURTBOX Player_aph DETECTED HITBOX! Damage = 10.0
Player_aph 60.0
CHÉM TRÚNG: Player_aph
QUÉT TRÚNG RỒI! Tên Area là: HitboxComponent
Đã thêm quái: @Area2D@20 | Số lượng: 1
HURTBOX Player_aph ENTERED BY: HitboxComponent (class: HitBoxComponent)
HURTBOX Player_aph DETECTED HITBOX! Damage = 10.0
Blocked
QUÉT TRÚNG RỒI! Tên Area là: HitboxComponent
Đã thêm quái: @Area2D@20 | Số lượng: 1
QUÉT TRÚNG RỒI! Tên Area là: HurtboxComponent
==== KIỂM TRA TIMER ====
1. File Stats báo Cooldown là: 1.0 giây
2. Timer thực tế đang cài đặt WaitTime là: 1.0 giây
3. Đã bấm Start! Thời gian đếm ngược còn lại: 1.0 giây
========================
HURTBOX @Area2D@26 ENTERED BY: HitBoxComponent (class: HitBoxComponent)
HURTBOX @Area2D@26 DETECTED HITBOX! Damage = 65.0
@Area2D@26 0.0
QUÉT TRÚNG RỒI! Tên Area là: HurtboxComponent
Đã bật đồng hồ cái đuôi chạy 0.6 giây!
BOMB _ready: hitbox = HitboxComponent:<Area2D#102726895573>
BOMB _ready: hitbox collision_layer = 4, collision_mask = 34
Đã bật đồng hồ cái đuôi chạy 0.6 giây!
Đạn đã bay màu khỏi màn hình!
HURTBOX @Area2D@20 ENTERED BY: HitboxComponent (class: HitBoxComponent)
HURTBOX @Area2D@20 DETECTED HITBOX! Damage = 1.0
@Area2D@20 3.0
QUÉT TRÚNG RỒI! Tên Area là: HurtboxComponent
Đã thêm quái: @Area2D@20 | Số lượng: 1
QUÉT TRÚNG RỒI! Tên Area là: HitboxComponent
==== KIỂM TRA TIMER ====
1. File Stats báo Cooldown là: 0.1 giây
2. Timer thực tế đang cài đặt WaitTime là: 0.10000000149011612 giây
3. Đã bấm Start! Thời gian đếm ngược còn lại: 0.10000000149011612 giây
========================
QUÉT TRÚNG RỒI! Tên Area là: HitboxComponent
Đã thêm quái: @Area2D@36 | Số lượng: 1
==== KIỂM TRA TIMER ====
1. File Stats báo Cooldown là: 1.0 giây
2. Timer thực tế đang cài đặt WaitTime là: 1.0 giây
3. Đã bấm Start! Thời gian đếm ngược còn lại: 1.0 giây
========================
QUÉT TRÚNG RỒI! Tên Area là: HurtboxComponent
HURTBOX @Area2D@20 ENTERED BY: HitboxComponent (class: HitBoxComponent)
HURTBOX @Area2D@20 DETECTED HITBOX! Damage = 85.0
@Area2D@20 0.0
CHÉM TRÚNG: @Area2D@20
QUÉT TRÚNG RỒI! Tên Area là: HitboxComponent
Đã thêm quái: @Area2D@36 | Số lượng: 1
==== KIỂM TRA TIMER ====
1. File Stats báo Cooldown là: 1.2 giây
2. Timer thực tế đang cài đặt WaitTime là: 1.2000000476837158 giây
3. Đã bấm Start! Thời gian đếm ngược còn lại: 1.2000000476837158 giây
========================
QUÉT TRÚNG RỒI! Tên Area là: HurtboxComponent
Đạn đã bay màu khỏi màn hình!
QUÉT TRÚNG RỒI! Tên Area là: HitboxComponent
Đã thêm quái: @Area2D@25 | Số lượng: 1
==== KIỂM TRA TIMER ====
1. File Stats báo Cooldown là: 0.1 giây
2. Timer thực tế đang cài đặt WaitTime là: 0.10000000149011612 giây
3. Đã bấm Start! Thời gian đếm ngược còn lại: 0.10000000149011612 giây
========================
QUÉT TRÚNG RỒI! Tên Area là: HurtboxComponent
CHÉM TRÚNG: @Area2D@36
HURTBOX @Area2D@36 ENTERED BY: HitboxComponent (class: HitBoxComponent)
HURTBOX @Area2D@36 DETECTED HITBOX! Damage = 85.0
@Area2D@36 0.0
HURTBOX Player_aph ENTERED BY: HitboxComponent (class: HitBoxComponent)
HURTBOX Player_aph DETECTED HITBOX! Damage = 10.0
Player_aph 50.0
CHÉM TRÚNG: Player_aph
QUÉT TRÚNG RỒI! Tên Area là: HitboxComponent
Đã thêm quái: @Area2D@28 | Số lượng: 2
Đạn đã bay màu khỏi màn hình!
QUÉT TRÚNG RỒI! Tên Area là: HitboxComponent
Đã thêm quái: @Area2D@37 | Số lượng: 1
QUÉT TRÚNG RỒI! Tên Area là: HurtboxComponent
==== KIỂM TRA TIMER ====
1. File Stats báo Cooldown là: 0.1 giây
2. Timer thực tế đang cài đặt WaitTime là: 0.10000000149011612 giây
3. Đã bấm Start! Thời gian đếm ngược còn lại: 0.10000000149011612 giây
========================
QUÉT TRÚNG RỒI! Tên Area là: HitboxComponent
Đã thêm quái: @Area2D@28 | Số lượng: 1
==== KIỂM TRA TIMER ====
Godot-JVM: Error calling JVM method _process of script WeaponShotgun:<Node2D#54811166338> from Godot:
java.lang.NullPointerException: Cannot read field "stats" because "this.data" is null
	at game.items.weapons.Weapon.useWeapon(Weapon.java:210)
	at game.items.weapons.Weapon._process(Weapon.java:195)
	at godot.entry.WeaponRegistrar$register$1$1$2.invoke(WeaponRegistrar.kt:41)
	at godot.entry.WeaponRegistrar$register$1$1$2.invoke(WeaponRegistrar.kt:41)
	at godot.core.KtFunction1.invokeKt$godot_core_library(Functions.kt:76)
	at godot.core.KtFunction.invoke(Functions.kt:38)

Đạn đã bay màu khỏi màn hình!
==== KIỂM TRA TIMER ====
Godot-JVM: Error calling JVM method _process of script WeaponShotgun:<Node2D#54811166338> from Godot:
java.lang.NullPointerException: Cannot read field "stats" because "this.data" is null
	at game.items.weapons.Weapon.useWeapon(Weapon.java:210)
	at game.items.weapons.Weapon._process(Weapon.java:195)
	at godot.entry.WeaponRegistrar$register$1$1$2.invoke(WeaponRegistrar.kt:41)
	at godot.entry.WeaponRegistrar$register$1$1$2.invoke(WeaponRegistrar.kt:41)
	at godot.core.KtFunction1.invokeKt$godot_core_library(Functions.kt:76)
	at godot.core.KtFunction.invoke(Functions.kt:38)

HURTBOX @Area2D@25 ENTERED BY: HitboxComponent (class: HitBoxComponent)
HURTBOX @Area2D@25 DETECTED HITBOX! Damage = 51.0
@Area2D@25 0.0
CHÉM TRÚNG: @Area2D@25
QUÉT TRÚNG RỒI! Tên Area là: HitboxComponent
Đã thêm quái: @Area2D@37 | Số lượng: 1
QUÉT TRÚNG RỒI! Tên Area là: HurtboxComponent
==== KIỂM TRA TIMER ====
Godot-JVM: Error calling JVM method _process of script WeaponShotgun:<Node2D#54811166338> from Godot:
java.lang.NullPointerException: Cannot read field "stats" because "this.data" is null
	at game.items.weapons.Weapon.useWeapon(Weapon.java:210)
	at game.items.weapons.Weapon._process(Weapon.java:195)
	at godot.entry.WeaponRegistrar$register$1$1$2.invoke(WeaponRegistrar.kt:41)
	at godot.entry.WeaponRegistrar$register$1$1$2.invoke(WeaponRegistrar.kt:41)
	at godot.core.KtFunction1.invokeKt$godot_core_library(Functions.kt:76)
	at godot.core.KtFunction.invoke(Functions.kt:38)

==== KIỂM TRA TIMER ====
Godot-JVM: Error calling JVM method _process of script WeaponShotgun:<Node2D#54811166338> from Godot:
java.lang.NullPointerException: Cannot read field "stats" because "this.data" is null
	at game.items.weapons.Weapon.useWeapon(Weapon.java:210)
	at game.items.weapons.Weapon._process(Weapon.java:195)
	at godot.entry.WeaponRegistrar$register$1$1$2.invoke(WeaponRegistrar.kt:41)
	at godot.entry.WeaponRegistrar$register$1$1$2.invoke(WeaponRegistrar.kt:41)
	at godot.core.KtFunction1.invokeKt$godot_core_library(Functions.kt:76)
	at godot.core.KtFunction.invoke(Functions.kt:38)

==== KIỂM TRA TIMER ====
Godot-JVM: Error calling JVM method _process of script WeaponShotgun:<Node2D#54811166338> from Godot:
java.lang.NullPointerException: Cannot read field "stats" because "this.data" is null
	at game.items.weapons.Weapon.useWeapon(Weapon.java:210)
	at game.items.weapons.Weapon._process(Weapon.java:195)
	at godot.entry.WeaponRegistrar$register$1$1$2.invoke(WeaponRegistrar.kt:41)
	at godot.entry.WeaponRegistrar$register$1$1$2.invoke(WeaponRegistrar.kt:41)
	at godot.core.KtFunction1.invokeKt$godot_core_library(Functions.kt:76)
	at godot.core.KtFunction.invoke(Functions.kt:38)

==== KIỂM TRA TIMER ====
Godot-JVM: Error calling JVM method _process of script WeaponShotgun:<Node2D#54811166338> from Godot:
java.lang.NullPointerException: Cannot read field "stats" because "this.data" is null
	at game.items.weapons.Weapon.useWeapon(Weapon.java:210)
	at game.items.weapons.Weapon._process(Weapon.java:195)
	at godot.entry.WeaponRegistrar$register$1$1$2.invoke(WeaponRegistrar.kt:41)
	at godot.entry.WeaponRegistrar$register$1$1$2.invoke(WeaponRegistrar.kt:41)
	at godot.core.KtFunction1.invokeKt$godot_core_library(Functions.kt:76)
	at godot.core.KtFunction.invoke(Functions.kt:38)

==== KIỂM TRA TIMER ====
Godot-JVM: Error calling JVM method _process of script WeaponShotgun:<Node2D#54811166338> from Godot:
java.lang.NullPointerException: Cannot read field "stats" because "this.data" is null
	at game.items.weapons.Weapon.useWeapon(Weapon.java:210)
	at game.items.weapons.Weapon._process(Weapon.java:195)
	at godot.entry.WeaponRegistrar$register$1$1$2.invoke(WeaponRegistrar.kt:41)
	at godot.entry.WeaponRegistrar$register$1$1$2.invoke(WeaponRegistrar.kt:41)
	at godot.core.KtFunction1.invokeKt$godot_core_library(Functions.kt:76)
	at godot.core.KtFunction.invoke(Functions.kt:38)

QUÉT TRÚNG RỒI! Tên Area là: HurtboxComponent
==== KIỂM TRA TIMER ====
Godot-JVM: Error calling JVM method _process of script WeaponShotgun:<Node2D#54811166338> from Godot:
java.lang.NullPointerException: Cannot read field "stats" because "this.data" is null
	at game.items.weapons.Weapon.useWeapon(Weapon.java:210)
	at game.items.weapons.Weapon._process(Weapon.java:195)
	at godot.entry.WeaponRegistrar$register$1$1$2.invoke(WeaponRegistrar.kt:41)
	at godot.entry.WeaponRegistrar$register$1$1$2.invoke(WeaponRegistrar.kt:41)
	at godot.core.KtFunction1.invokeKt$godot_core_library(Functions.kt:76)
	at godot.core.KtFunction.invoke(Functions.kt:38)

==== KIỂM TRA TIMER ====
Godot-JVM: Error calling JVM method _process of script WeaponShotgun:<Node2D#54811166338> from Godot:
java.lang.NullPointerException: Cannot read field "stats" because "this.data" is null
	at game.items.weapons.Weapon.useWeapon(Weapon.java:210)
	at game.items.weapons.Weapon._process(Weapon.java:195)
	at godot.entry.WeaponRegistrar$register$1$1$2.invoke(WeaponRegistrar.kt:41)
	at godot.entry.WeaponRegistrar$register$1$1$2.invoke(WeaponRegistrar.kt:41)
	at godot.core.KtFunction1.invokeKt$godot_core_library(Functions.kt:76)
	at godot.core.KtFunction.invoke(Functions.kt:38)

QUÉT TRÚNG RỒI! Tên Area là: HitboxComponent
Đã thêm quái: @Area2D@44 | Số lượng: 2
==== KIỂM TRA TIMER ====
Godot-JVM: Error calling JVM method _process of script WeaponShotgun:<Node2D#54811166338> from Godot:
java.lang.NullPointerException: Cannot read field "stats" because "this.data" is null
	at game.items.weapons.Weapon.useWeapon(Weapon.java:210)
	at game.items.weapons.Weapon._process(Weapon.java:195)
	at godot.entry.WeaponRegistrar$register$1$1$2.invoke(WeaponRegistrar.kt:41)
	at godot.entry.WeaponRegistrar$register$1$1$2.invoke(WeaponRegistrar.kt:41)
	at godot.core.KtFunction1.invokeKt$godot_core_library(Functions.kt:76)
	at godot.core.KtFunction.invoke(Functions.kt:38)

==== KIỂM TRA TIMER ====
Godot-JVM: Error calling JVM method _process of script WeaponShotgun:<Node2D#54811166338> from Godot:
java.lang.NullPointerException: Cannot read field "stats" because "this.data" is null
	at game.items.weapons.Weapon.useWeapon(Weapon.java:210)
	at game.items.weapons.Weapon._process(Weapon.java:195)
	at godot.entry.WeaponRegistrar$register$1$1$2.invoke(WeaponRegistrar.kt:41)
	at godot.entry.WeaponRegistrar$register$1$1$2.invoke(WeaponRegistrar.kt:41)
	at godot.core.KtFunction1.invokeKt$godot_core_library(Functions.kt:76)
	at godot.core.KtFunction.invoke(Functions.kt:38)

==== KIỂM TRA TIMER ====
Godot-JVM: Error calling JVM method _process of script WeaponShotgun:<Node2D#54811166338> from Godot:
java.lang.NullPointerException: Cannot read field "stats" because "this.data" is null
	at game.items.weapons.Weapon.useWeapon(Weapon.java:210)
	at game.items.weapons.Weapon._process(Weapon.java:195)
	at godot.entry.WeaponRegistrar$register$1$1$2.invoke(WeaponRegistrar.kt:41)
	at godot.entry.WeaponRegistrar$register$1$1$2.invoke(WeaponRegistrar.kt:41)
	at godot.core.KtFunction1.invokeKt$godot_core_library(Functions.kt:76)
	at godot.core.KtFunction.invoke(Functions.kt:38)

QUÉT TRÚNG RỒI! Tên Area là: HurtboxComponent
HURTBOX @Area2D@37 ENTERED BY: HitBoxComponent (class: HitBoxComponent)
HURTBOX @Area2D@37 DETECTED HITBOX! Damage = 65.0
@Area2D@37 0.0
==== KIỂM TRA TIMER ====
Godot-JVM: Error calling JVM method _process of script WeaponShotgun:<Node2D#54811166338> from Godot:
java.lang.NullPointerException: Cannot read field "stats" because "this.data" is null
	at game.items.weapons.Weapon.useWeapon(Weapon.java:210)
	at game.items.weapons.Weapon._process(Weapon.java:195)
	at godot.entry.WeaponRegistrar$register$1$1$2.invoke(WeaponRegistrar.kt:41)
	at godot.entry.WeaponRegistrar$register$1$1$2.invoke(WeaponRegistrar.kt:41)
	at godot.core.KtFunction1.invokeKt$godot_core_library(Functions.kt:76)
	at godot.core.KtFunction.invoke(Functions.kt:38)

==== KIỂM TRA TIMER ====
Godot-JVM: Error calling JVM method _process of script WeaponShotgun:<Node2D#54811166338> from Godot:
java.lang.NullPointerException: Cannot read field "stats" because "this.data" is null
	at game.items.weapons.Weapon.useWeapon(Weapon.java:210)
	at game.items.weapons.Weapon._process(Weapon.java:195)
	at godot.entry.WeaponRegistrar$register$1$1$2.invoke(WeaponRegistrar.kt:41)
	at godot.entry.WeaponRegistrar$register$1$1$2.invoke(WeaponRegistrar.kt:41)
	at godot.core.KtFunction1.invokeKt$godot_core_library(Functions.kt:76)
	at godot.core.KtFunction.invoke(Functions.kt:38)

==== KIỂM TRA TIMER ====
Godot-JVM: Error calling JVM method _process of script WeaponShotgun:<Node2D#54811166338> from Godot:
java.lang.NullPointerException: Cannot read field "stats" because "this.data" is null
	at game.items.weapons.Weapon.useWeapon(Weapon.java:210)
	at game.items.weapons.Weapon._process(Weapon.java:195)
	at godot.entry.WeaponRegistrar$register$1$1$2.invoke(WeaponRegistrar.kt:41)
	at godot.entry.WeaponRegistrar$register$1$1$2.invoke(WeaponRegistrar.kt:41)
	at godot.core.KtFunction1.invokeKt$godot_core_library(Functions.kt:76)
	at godot.core.KtFunction.invoke(Functions.kt:38)

==== KIỂM TRA TIMER ====
1. File Stats báo Cooldown là: 0.1 giây
2. Timer thực tế đang cài đặt WaitTime là: 0.10000000149011612 giây
3. Đã bấm Start! Thời gian đếm ngược còn lại: 0.10000000149011612 giây
========================
Đạn đã bay màu khỏi màn hình!
==== KIỂM TRA TIMER ====
Godot-JVM: Error calling JVM method _process of script WeaponShotgun:<Node2D#54811166338> from Godot:
java.lang.NullPointerException: Cannot read field "stats" because "this.data" is null
	at game.items.weapons.Weapon.useWeapon(Weapon.java:210)
	at game.items.weapons.Weapon._process(Weapon.java:195)
	at godot.entry.WeaponRegistrar$register$1$1$2.invoke(WeaponRegistrar.kt:41)
	at godot.entry.WeaponRegistrar$register$1$1$2.invoke(WeaponRegistrar.kt:41)
	at godot.core.KtFunction1.invokeKt$godot_core_library(Functions.kt:76)
	at godot.core.KtFunction.invoke(Functions.kt:38)

==== KIỂM TRA TIMER ====
Godot-JVM: Error calling JVM method _process of script WeaponShotgun:<Node2D#54811166338> from Godot:
java.lang.NullPointerException: Cannot read field "stats" because "this.data" is null
	at game.items.weapons.Weapon.useWeapon(Weapon.java:210)
	at game.items.weapons.Weapon._process(Weapon.java:195)
	at godot.entry.WeaponRegistrar$register$1$1$2.invoke(WeaponRegistrar.kt:41)
	at godot.entry.WeaponRegistrar$register$1$1$2.invoke(WeaponRegistrar.kt:41)
	at godot.core.KtFunction1.invokeKt$godot_core_library(Functions.kt:76)
	at godot.core.KtFunction.invoke(Functions.kt:38)

==== KIỂM TRA TIMER ====
Godot-JVM: Error calling JVM method _process of script WeaponShotgun:<Node2D#54811166338> from Godot:
java.lang.NullPointerException: Cannot read field "stats" because "this.data" is null
	at game.items.weapons.Weapon.useWeapon(Weapon.java:210)
	at game.items.weapons.Weapon._process(Weapon.java:195)
	at godot.entry.WeaponRegistrar$register$1$1$2.invoke(WeaponRegistrar.kt:41)
	at godot.entry.WeaponRegistrar$register$1$1$2.invoke(WeaponRegistrar.kt:41)
	at godot.core.KtFunction1.invokeKt$godot_core_library(Functions.kt:76)
	at godot.core.KtFunction.invoke(Functions.kt:38)

Đạn đã bay màu khỏi màn hình!
==== KIỂM TRA TIMER ====
Godot-JVM: Error calling JVM method _process of script WeaponShotgun:<Node2D#54811166338> from Godot:
java.lang.NullPointerException: Cannot read field "stats" because "this.data" is null
	at game.items.weapons.Weapon.useWeapon(Weapon.java:210)
	at game.items.weapons.Weapon._process(Weapon.java:195)
	at godot.entry.WeaponRegistrar$register$1$1$2.invoke(WeaponRegistrar.kt:41)
	at godot.entry.WeaponRegistrar$register$1$1$2.invoke(WeaponRegistrar.kt:41)
	at godot.core.KtFunction1.invokeKt$godot_core_library(Functions.kt:76)
	at godot.core.KtFunction.invoke(Functions.kt:38)

==== KIỂM TRA TIMER ====
Godot-JVM: Error calling JVM method _process of script WeaponShotgun:<Node2D#54811166338> from Godot:
java.lang.NullPointerException: Cannot read field "stats" because "this.data" is null
	at game.items.weapons.Weapon.useWeapon(Weapon.java:210)
	at game.items.weapons.Weapon._process(Weapon.java:195)
	at godot.entry.WeaponRegistrar$register$1$1$2.invoke(WeaponRegistrar.kt:41)
	at godot.entry.WeaponRegistrar$register$1$1$2.invoke(WeaponRegistrar.kt:41)
	at godot.core.KtFunction1.invokeKt$godot_core_library(Functions.kt:76)
	at godot.core.KtFunction.invoke(Functions.kt:38)

==== KIỂM TRA TIMER ====
Godot-JVM: Error calling JVM method _process of script WeaponShotgun:<Node2D#54811166338> from Godot:
java.lang.NullPointerException: Cannot read field "stats" because "this.data" is null
	at game.items.weapons.Weapon.useWeapon(Weapon.java:210)
	at game.items.weapons.Weapon._process(Weapon.java:195)
	at godot.entry.WeaponRegistrar$register$1$1$2.invoke(WeaponRegistrar.kt:41)
	at godot.entry.WeaponRegistrar$register$1$1$2.invoke(WeaponRegistrar.kt:41)
	at godot.core.KtFunction1.invokeKt$godot_core_library(Functions.kt:76)
	at godot.core.KtFunction.invoke(Functions.kt:38)

QUÉT TRÚNG RỒI! Tên Area là: HitboxComponent
Đã thêm quái: @Area2D@44 | Số lượng: 1
==== KIỂM TRA TIMER ====
Godot-JVM: Error calling JVM method _process of script WeaponShotgun:<Node2D#54811166338> from Godot:
java.lang.NullPointerException: Cannot read field "stats" because "this.data" is null
	at game.items.weapons.Weapon.useWeapon(Weapon.java:210)
	at game.items.weapons.Weapon._process(Weapon.java:195)
	at godot.entry.WeaponRegistrar$register$1$1$2.invoke(WeaponRegistrar.kt:41)
	at godot.entry.WeaponRegistrar$register$1$1$2.invoke(WeaponRegistrar.kt:41)
	at godot.core.KtFunction1.invokeKt$godot_core_library(Functions.kt:76)
	at godot.core.KtFunction.invoke(Functions.kt:38)

==== KIỂM TRA TIMER ====
Godot-JVM: Error calling JVM method _process of script WeaponShotgun:<Node2D#54811166338> from Godot:
java.lang.NullPointerException: Cannot read field "stats" because "this.data" is null
	at game.items.weapons.Weapon.useWeapon(Weapon.java:210)
	at game.items.weapons.Weapon._process(Weapon.java:195)
	at godot.entry.WeaponRegistrar$register$1$1$2.invoke(WeaponRegistrar.kt:41)
	at godot.entry.WeaponRegistrar$register$1$1$2.invoke(WeaponRegistrar.kt:41)
	at godot.core.KtFunction1.invokeKt$godot_core_library(Functions.kt:76)
	at godot.core.KtFunction.invoke(Functions.kt:38)

==== KIỂM TRA TIMER ====
Godot-JVM: Error calling JVM method _process of script WeaponShotgun:<Node2D#54811166338> from Godot:
java.lang.NullPointerException: Cannot read field "stats" because "this.data" is null
	at game.items.weapons.Weapon.useWeapon(Weapon.java:210)
	at game.items.weapons.Weapon._process(Weapon.java:195)
	at godot.entry.WeaponRegistrar$register$1$1$2.invoke(WeaponRegistrar.kt:41)
	at godot.entry.WeaponRegistrar$register$1$1$2.invoke(WeaponRegistrar.kt:41)
	at godot.core.KtFunction1.invokeKt$godot_core_library(Functions.kt:76)
	at godot.core.KtFunction.invoke(Functions.kt:38)

==== KIỂM TRA TIMER ====
Godot-JVM: Error calling JVM method _process of script WeaponShotgun:<Node2D#54811166338> from Godot:
java.lang.NullPointerException: Cannot read field "stats" because "this.data" is null
	at game.items.weapons.Weapon.useWeapon(Weapon.java:210)
	at game.items.weapons.Weapon._process(Weapon.java:195)
	at godot.entry.WeaponRegistrar$register$1$1$2.invoke(WeaponRegistrar.kt:41)
	at godot.entry.WeaponRegistrar$register$1$1$2.invoke(WeaponRegistrar.kt:41)
	at godot.core.KtFunction1.invokeKt$godot_core_library(Functions.kt:76)
	at godot.core.KtFunction.invoke(Functions.kt:38)

==== KIỂM TRA TIMER ====
Godot-JVM: Error calling JVM method _process of script WeaponShotgun:<Node2D#54811166338> from Godot:
java.lang.NullPointerException: Cannot read field "stats" because "this.data" is null
	at game.items.weapons.Weapon.useWeapon(Weapon.java:210)
	at game.items.weapons.Weapon._process(Weapon.java:195)
	at godot.entry.WeaponRegistrar$register$1$1$2.invoke(WeaponRegistrar.kt:41)
	at godot.entry.WeaponRegistrar$register$1$1$2.invoke(WeaponRegistrar.kt:41)
	at godot.core.KtFunction1.invokeKt$godot_core_library(Functions.kt:76)
	at godot.core.KtFunction.invoke(Functions.kt:38)

QUÉT TRÚNG RỒI! Tên Area là: HitboxComponent
Đã thêm quái: @Area2D@44 | Số lượng: 1
QUÉT TRÚNG RỒI! Tên Area là: HurtboxComponent
==== KIỂM TRA TIMER ====
Godot-JVM: Error calling JVM method _process of script WeaponShotgun:<Node2D#54811166338> from Godot:
java.lang.NullPointerException: Cannot read field "stats" because "this.data" is null
	at game.items.weapons.Weapon.useWeapon(Weapon.java:210)
	at game.items.weapons.Weapon._process(Weapon.java:195)
	at godot.entry.WeaponRegistrar$register$1$1$2.invoke(WeaponRegistrar.kt:41)
	at godot.entry.WeaponRegistrar$register$1$1$2.invoke(WeaponRegistrar.kt:41)
	at godot.core.KtFunction1.invokeKt$godot_core_library(Functions.kt:76)
	at godot.core.KtFunction.invoke(Functions.kt:38)

==== KIỂM TRA TIMER ====
Godot-JVM: Error calling JVM method _process of script WeaponPunch:<Node2D#56488888036> from Godot:
java.lang.NullPointerException: Cannot read field "stats" because "this.data" is null
	at game.items.weapons.Weapon.useWeapon(Weapon.java:210)
	at game.items.weapons.Weapon._process(Weapon.java:195)
	at godot.entry.WeaponRegistrar$register$1$1$2.invoke(WeaponRegistrar.kt:41)
	at godot.entry.WeaponRegistrar$register$1$1$2.invoke(WeaponRegistrar.kt:41)
	at godot.core.KtFunction1.invokeKt$godot_core_library(Functions.kt:76)
	at godot.core.KtFunction.invoke(Functions.kt:38)

==== KIỂM TRA TIMER ====
Godot-JVM: Error calling JVM method _process of script WeaponShotgun:<Node2D#54811166338> from Godot:
java.lang.NullPointerException: Cannot read field "stats" because "this.data" is null
	at game.items.weapons.Weapon.useWeapon(Weapon.java:210)
	at game.items.weapons.Weapon._process(Weapon.java:195)
	at godot.entry.WeaponRegistrar$register$1$1$2.invoke(WeaponRegistrar.kt:41)
	at godot.entry.WeaponRegistrar$register$1$1$2.invoke(WeaponRegistrar.kt:41)
	at godot.core.KtFunction1.invokeKt$godot_core_library(Functions.kt:76)
	at godot.core.KtFunction.invoke(Functions.kt:38)

==== KIỂM TRA TIMER ====
Godot-JVM: Error calling JVM method _process of script WeaponPunch:<Node2D#56488888036> from Godot:
java.lang.NullPointerException: Cannot read field "stats" because "this.data" is null
	at game.items.weapons.Weapon.useWeapon(Weapon.java:210)
	at game.items.weapons.Weapon._process(Weapon.java:195)
	at godot.entry.WeaponRegistrar$register$1$1$2.invoke(WeaponRegistrar.kt:41)
	at godot.entry.WeaponRegistrar$register$1$1$2.invoke(WeaponRegistrar.kt:41)
	at godot.core.KtFunction1.invokeKt$godot_core_library(Functions.kt:76)
	at godot.core.KtFunction.invoke(Functions.kt:38)

==== KIỂM TRA TIMER ====
Godot-JVM: Error calling JVM method _process of script WeaponShotgun:<Node2D#54811166338> from Godot:
java.lang.NullPointerException: Cannot read field "stats" because "this.data" is null
	at game.items.weapons.Weapon.useWeapon(Weapon.java:210)
	at game.items.weapons.Weapon._process(Weapon.java:195)
	at godot.entry.WeaponRegistrar$register$1$1$2.invoke(WeaponRegistrar.kt:41)
	at godot.entry.WeaponRegistrar$register$1$1$2.invoke(WeaponRegistrar.kt:41)
	at godot.core.KtFunction1.invokeKt$godot_core_library(Functions.kt:76)
	at godot.core.KtFunction.invoke(Functions.kt:38)

==== KIỂM TRA TIMER ====
Godot-JVM: Error calling JVM method _process of script WeaponPunch:<Node2D#56488888036> from Godot:
java.lang.NullPointerException: Cannot read field "stats" because "this.data" is null
	at game.items.weapons.Weapon.useWeapon(Weapon.java:210)
	at game.items.weapons.Weapon._process(Weapon.java:195)
	at godot.entry.WeaponRegistrar$register$1$1$2.invoke(WeaponRegistrar.kt:41)
	at godot.entry.WeaponRegistrar$register$1$1$2.invoke(WeaponRegistrar.kt:41)
	at godot.core.KtFunction1.invokeKt$godot_core_library(Functions.kt:76)
	at godot.core.KtFunction.invoke(Functions.kt:38)

QUÉT TRÚNG RỒI! Tên Area là: HitboxComponent
Đã thêm quái: @Area2D@44 | Số lượng: 1
==== KIỂM TRA TIMER ====
Godot-JVM: Error calling JVM method _process of script WeaponPunch:<Node2D#56488888036> from Godot:
java.lang.NullPointerException: Cannot read field "stats" because "this.data" is null
	at game.items.weapons.Weapon.useWeapon(Weapon.java:210)
	at game.items.weapons.Weapon._process(Weapon.java:195)
	at godot.entry.WeaponRegistrar$register$1$1$2.invoke(WeaponRegistrar.kt:41)
	at godot.entry.WeaponRegistrar$register$1$1$2.invoke(WeaponRegistrar.kt:41)
	at godot.core.KtFunction1.invokeKt$godot_core_library(Functions.kt:76)
	at godot.core.KtFunction.invoke(Functions.kt:38)

==== KIỂM TRA TIMER ====
1. File Stats báo Cooldown là: 0.1 giây
2. Timer thực tế đang cài đặt WaitTime là: 0.10000000149011612 giây
3. Đã bấm Start! Thời gian đếm ngược còn lại: 0.10000000149011612 giây
========================
==== KIỂM TRA TIMER ====
1. File Stats báo Cooldown là: 0.1 giây
2. Timer thực tế đang cài đặt WaitTime là: 0.10000000149011612 giây
3. Đã bấm Start! Thời gian đếm ngược còn lại: 0.10000000149011612 giây
========================
==== KIỂM TRA TIMER ====
Godot-JVM: Error calling JVM method _process of script WeaponPunch:<Node2D#56488888036> from Godot:
java.lang.NullPointerException: Cannot read field "stats" because "this.data" is null
	at game.items.weapons.Weapon.useWeapon(Weapon.java:210)
	at game.items.weapons.Weapon._process(Weapon.java:195)
	at godot.entry.WeaponRegistrar$register$1$1$2.invoke(WeaponRegistrar.kt:41)
	at godot.entry.WeaponRegistrar$register$1$1$2.invoke(WeaponRegistrar.kt:41)
	at godot.core.KtFunction1.invokeKt$godot_core_library(Functions.kt:76)
	at godot.core.KtFunction.invoke(Functions.kt:38)

HURTBOX @Area2D@28 ENTERED BY: HitboxComponent (class: HitBoxComponent)
HURTBOX @Area2D@28 DETECTED HITBOX! Damage = 51.0
@Area2D@28 0.0
CHÉM TRÚNG: @Area2D@28
QUÉT TRÚNG RỒI! Tên Area là: HurtboxComponent
==== KIỂM TRA TIMER ====
Godot-JVM: Error calling JVM method _process of script WeaponPunch:<Node2D#56488888036> from Godot:
java.lang.NullPointerException: Cannot read field "stats" because "this.data" is null
	at game.items.weapons.Weapon.useWeapon(Weapon.java:210)
	at game.items.weapons.Weapon._process(Weapon.java:195)
	at godot.entry.WeaponRegistrar$register$1$1$2.invoke(WeaponRegistrar.kt:41)
	at godot.entry.WeaponRegistrar$register$1$1$2.invoke(WeaponRegistrar.kt:41)
	at godot.core.KtFunction1.invokeKt$godot_core_library(Functions.kt:76)
	at godot.core.KtFunction.invoke(Functions.kt:38)

==== KIỂM TRA TIMER ====
Godot-JVM: Error calling JVM method _process of script WeaponPunch:<Node2D#56488888036> from Godot:
java.lang.NullPointerException: Cannot read field "stats" because "this.data" is null
	at game.items.weapons.Weapon.useWeapon(Weapon.java:210)
	at game.items.weapons.Weapon._process(Weapon.java:195)
	at godot.entry.WeaponRegistrar$register$1$1$2.invoke(WeaponRegistrar.kt:41)
	at godot.entry.WeaponRegistrar$register$1$1$2.invoke(WeaponRegistrar.kt:41)
	at godot.core.KtFunction1.invokeKt$godot_core_library(Functions.kt:76)
	at godot.core.KtFunction.invoke(Functions.kt:38)

QUÉT TRÚNG RỒI! Tên Area là: HurtboxComponent
==== KIỂM TRA TIMER ====
Godot-JVM: Error calling JVM method _process of script WeaponPunch:<Node2D#56488888036> from Godot:
java.lang.NullPointerException: Cannot read field "stats" because "this.data" is null
	at game.items.weapons.Weapon.useWeapon(Weapon.java:210)
	at game.items.weapons.Weapon._process(Weapon.java:195)
	at godot.entry.WeaponRegistrar$register$1$1$2.invoke(WeaponRegistrar.kt:41)
	at godot.entry.WeaponRegistrar$register$1$1$2.invoke(WeaponRegistrar.kt:41)
	at godot.core.KtFunction1.invokeKt$godot_core_library(Functions.kt:76)
	at godot.core.KtFunction.invoke(Functions.kt:38)

==== KIỂM TRA TIMER ====
Godot-JVM: Error calling JVM method _process of script WeaponPunch:<Node2D#56488888036> from Godot:
java.lang.NullPointerException: Cannot read field "stats" because "this.data" is null
	at game.items.weapons.Weapon.useWeapon(Weapon.java:210)
	at game.items.weapons.Weapon._process(Weapon.java:195)
	at godot.entry.WeaponRegistrar$register$1$1$2.invoke(WeaponRegistrar.kt:41)
	at godot.entry.WeaponRegistrar$register$1$1$2.invoke(WeaponRegistrar.kt:41)
	at godot.core.KtFunction1.invokeKt$godot_core_library(Functions.kt:76)
	at godot.core.KtFunction.invoke(Functions.kt:38)

==== KIỂM TRA TIMER ====
Godot-JVM: Error calling JVM method _process of script WeaponPunch:<Node2D#56488888036> from Godot:
java.lang.NullPointerException: Cannot read field "stats" because "this.data" is null
	at game.items.weapons.Weapon.useWeapon(Weapon.java:210)
	at game.items.weapons.Weapon._process(Weapon.java:195)
	at godot.entry.WeaponRegistrar$register$1$1$2.invoke(WeaponRegistrar.kt:41)
	at godot.entry.WeaponRegistrar$register$1$1$2.invoke(WeaponRegistrar.kt:41)
	at godot.core.KtFunction1.invokeKt$godot_core_library(Functions.kt:76)
	at godot.core.KtFunction.invoke(Functions.kt:38)

==== KIỂM TRA TIMER ====
Godot-JVM: Error calling JVM method _process of script WeaponPunch:<Node2D#56488888036> from Godot:
java.lang.NullPointerException: Cannot read field "stats" because "this.data" is null
	at game.items.weapons.Weapon.useWeapon(Weapon.java:210)
	at game.items.weapons.Weapon._process(Weapon.java:195)
	at godot.entry.WeaponRegistrar$register$1$1$2.invoke(WeaponRegistrar.kt:41)
	at godot.entry.WeaponRegistrar$register$1$1$2.invoke(WeaponRegistrar.kt:41)
	at godot.core.KtFunction1.invokeKt$godot_core_library(Functions.kt:76)
	at godot.core.KtFunction.invoke(Functions.kt:38)

==== KIỂM TRA TIMER ====
Godot-JVM: Error calling JVM method _process of script WeaponPunch:<Node2D#56488888036> from Godot:
java.lang.NullPointerException: Cannot read field "stats" because "this.data" is null
	at game.items.weapons.Weapon.useWeapon(Weapon.java:210)
	at game.items.weapons.Weapon._process(Weapon.java:195)
	at godot.entry.WeaponRegistrar$register$1$1$2.invoke(WeaponRegistrar.kt:41)
	at godot.entry.WeaponRegistrar$register$1$1$2.invoke(WeaponRegistrar.kt:41)
	at godot.core.KtFunction1.invokeKt$godot_core_library(Functions.kt:76)
	at godot.core.KtFunction.invoke(Functions.kt:38)

==== KIỂM TRA TIMER ====
Godot-JVM: Error calling JVM method _process of script WeaponPunch:<Node2D#56488888036> from Godot:
java.lang.NullPointerException: Cannot read field "stats" because "this.data" is null
	at game.items.weapons.Weapon.useWeapon(Weapon.java:210)
	at game.items.weapons.Weapon._process(Weapon.java:195)
	at godot.entry.WeaponRegistrar$register$1$1$2.invoke(WeaponRegistrar.kt:41)
	at godot.entry.WeaponRegistrar$register$1$1$2.invoke(WeaponRegistrar.kt:41)
	at godot.core.KtFunction1.invokeKt$godot_core_library(Functions.kt:76)
	at godot.core.KtFunction.invoke(Functions.kt:38)

==== KIỂM TRA TIMER ====
Godot-JVM: Error calling JVM method _process of script WeaponPunch:<Node2D#56488888036> from Godot:
java.lang.NullPointerException: Cannot read field "stats" because "this.data" is null
	at game.items.weapons.Weapon.useWeapon(Weapon.java:210)
	at game.items.weapons.Weapon._process(Weapon.java:195)
	at godot.entry.WeaponRegistrar$register$1$1$2.invoke(WeaponRegistrar.kt:41)
	at godot.entry.WeaponRegistrar$register$1$1$2.invoke(WeaponRegistrar.kt:41)
	at godot.core.KtFunction1.invokeKt$godot_core_library(Functions.kt:76)
	at godot.core.KtFunction.invoke(Functions.kt:38)

==== KIỂM TRA TIMER ====
Godot-JVM: Error calling JVM method _process of script WeaponPunch:<Node2D#56488888036> from Godot:
java.lang.NullPointerException: Cannot read field "stats" because "this.data" is null
	at game.items.weapons.Weapon.useWeapon(Weapon.java:210)
	at game.items.weapons.Weapon._process(Weapon.java:195)
	at godot.entry.WeaponRegistrar$register$1$1$2.invoke(WeaponRegistrar.kt:41)
	at godot.entry.WeaponRegistrar$register$1$1$2.invoke(WeaponRegistrar.kt:41)
	at godot.core.KtFunction1.invokeKt$godot_core_library(Functions.kt:76)
	at godot.core.KtFunction.invoke(Functions.kt:38)

==== KIỂM TRA TIMER ====
Godot-JVM: Error calling JVM method _process of script WeaponPunch:<Node2D#56488888036> from Godot:
java.lang.NullPointerException: Cannot read field "stats" because "this.data" is null
	at game.items.weapons.Weapon.useWeapon(Weapon.java:210)
	at game.items.weapons.Weapon._process(Weapon.java:195)
	at godot.entry.WeaponRegistrar$register$1$1$2.invoke(WeaponRegistrar.kt:41)
	at godot.entry.WeaponRegistrar$register$1$1$2.invoke(WeaponRegistrar.kt:41)
	at godot.core.KtFunction1.invokeKt$godot_core_library(Functions.kt:76)
	at godot.core.KtFunction.invoke(Functions.kt:38)

==== KIỂM TRA TIMER ====
Godot-JVM: Error calling JVM method _process of script WeaponPunch:<Node2D#56488888036> from Godot:
java.lang.NullPointerException: Cannot read field "stats" because "this.data" is null
	at game.items.weapons.Weapon.useWeapon(Weapon.java:210)
	at game.items.weapons.Weapon._process(Weapon.java:195)
	at godot.entry.WeaponRegistrar$register$1$1$2.invoke(WeaponRegistrar.kt:41)
	at godot.entry.WeaponRegistrar$register$1$1$2.invoke(WeaponRegistrar.kt:41)
	at godot.core.KtFunction1.invokeKt$godot_core_library(Functions.kt:76)
	at godot.core.KtFunction.invoke(Functions.kt:38)

HURTBOX @Area2D@44 ENTERED BY: HitBoxComponent (class: HitBoxComponent)
HURTBOX @Area2D@44 DETECTED HITBOX! Damage = 65.0
@Area2D@44 0.0
==== KIỂM TRA TIMER ====
Godot-JVM: Error calling JVM method _process of script WeaponPunch:<Node2D#56488888036> from Godot:
java.lang.NullPointerException: Cannot read field "stats" because "this.data" is null
	at game.items.weapons.Weapon.useWeapon(Weapon.java:210)
	at game.items.weapons.Weapon._process(Weapon.java:195)
	at godot.entry.WeaponRegistrar$register$1$1$2.invoke(WeaponRegistrar.kt:41)
	at godot.entry.WeaponRegistrar$register$1$1$2.invoke(WeaponRegistrar.kt:41)
	at godot.core.KtFunction1.invokeKt$godot_core_library(Functions.kt:76)
	at godot.core.KtFunction.invoke(Functions.kt:38)

==== KIỂM TRA TIMER ====
Godot-JVM: Error calling JVM method _process of script WeaponPunch:<Node2D#56488888036> from Godot:
java.lang.NullPointerException: Cannot read field "stats" because "this.data" is null
	at game.items.weapons.Weapon.useWeapon(Weapon.java:210)
	at game.items.weapons.Weapon._process(Weapon.java:195)
	at godot.entry.WeaponRegistrar$register$1$1$2.invoke(WeaponRegistrar.kt:41)
	at godot.entry.WeaponRegistrar$register$1$1$2.invoke(WeaponRegistrar.kt:41)
	at godot.core.KtFunction1.invokeKt$godot_core_library(Functions.kt:76)
	at godot.core.KtFunction.invoke(Functions.kt:38)

QUÉT TRÚNG RỒI! Tên Area là: HitboxComponent
Đã thêm quái: @Area2D@30 | Số lượng: 1
==== KIỂM TRA TIMER ====
1. File Stats báo Cooldown là: 0.1 giây
2. Timer thực tế đang cài đặt WaitTime là: 0.10000000149011612 giây
3. Đã bấm Start! Thời gian đếm ngược còn lại: 0.10000000149011612 giây
========================
QUÉT TRÚNG RỒI! Tên Area là: HurtboxComponent
Đạn đã bay màu khỏi màn hình!
Đạn đã bay màu khỏi màn hình!
QUÉT TRÚNG RỒI! Tên Area là: HitboxComponent
Đã thêm quái: @Area2D@30 | Số lượng: 1
==== KIỂM TRA TIMER ====
Godot-JVM: Error calling JVM method _process of script WeaponShotgun:<Node2D#54811166338> from Godot:
java.lang.NullPointerException: Cannot read field "stats" because "this.data" is null
	at game.items.weapons.Weapon.useWeapon(Weapon.java:210)
	at game.items.weapons.Weapon._process(Weapon.java:195)
	at godot.entry.WeaponRegistrar$register$1$1$2.invoke(WeaponRegistrar.kt:41)
	at godot.entry.WeaponRegistrar$register$1$1$2.invoke(WeaponRegistrar.kt:41)
	at godot.core.KtFunction1.invokeKt$godot_core_library(Functions.kt:76)
	at godot.core.KtFunction.invoke(Functions.kt:38)

Đạn đã bay màu khỏi màn hình!
==== KIỂM TRA TIMER ====
Godot-JVM: Error calling JVM method _process of script WeaponShotgun:<Node2D#54811166338> from Godot:
java.lang.NullPointerException: Cannot read field "stats" because "this.data" is null
	at game.items.weapons.Weapon.useWeapon(Weapon.java:210)
	at game.items.weapons.Weapon._process(Weapon.java:195)
	at godot.entry.WeaponRegistrar$register$1$1$2.invoke(WeaponRegistrar.kt:41)
	at godot.entry.WeaponRegistrar$register$1$1$2.invoke(WeaponRegistrar.kt:41)
	at godot.core.KtFunction1.invokeKt$godot_core_library(Functions.kt:76)
	at godot.core.KtFunction.invoke(Functions.kt:38)

==== KIỂM TRA TIMER ====
Godot-JVM: Error calling JVM method _process of script WeaponShotgun:<Node2D#54811166338> from Godot:
java.lang.NullPointerException: Cannot read field "stats" because "this.data" is null
	at game.items.weapons.Weapon.useWeapon(Weapon.java:210)
	at game.items.weapons.Weapon._process(Weapon.java:195)
	at godot.entry.WeaponRegistrar$register$1$1$2.invoke(WeaponRegistrar.kt:41)
	at godot.entry.WeaponRegistrar$register$1$1$2.invoke(WeaponRegistrar.kt:41)
	at godot.core.KtFunction1.invokeKt$godot_core_library(Functions.kt:76)
	at godot.core.KtFunction.invoke(Functions.kt:38)

==== KIỂM TRA TIMER ====
1. File Stats báo Cooldown là: 0.1 giây
2. Timer thực tế đang cài đặt WaitTime là: 0.10000000149011612 giây
3. Đã bấm Start! Thời gian đếm ngược còn lại: 0.10000000149011612 giây
========================
HURTBOX @Area2D@30 ENTERED BY: HitboxComponent (class: HitBoxComponent)
HURTBOX @Area2D@30 DETECTED HITBOX! Damage = 51.0
@Area2D@30 0.0
CHÉM TRÚNG: @Area2D@30
QUÉT TRÚNG RỒI! Tên Area là: HurtboxComponent
==== KIỂM TRA TIMER ====
Godot-JVM: Error calling JVM method _process of script WeaponShotgun:<Node2D#54811166338> from Godot:
java.lang.NullPointerException: Cannot read field "stats" because "this.data" is null
	at game.items.weapons.Weapon.useWeapon(Weapon.java:210)
	at game.items.weapons.Weapon._process(Weapon.java:195)
	at godot.entry.WeaponRegistrar$register$1$1$2.invoke(WeaponRegistrar.kt:41)
	at godot.entry.WeaponRegistrar$register$1$1$2.invoke(WeaponRegistrar.kt:41)
	at godot.core.KtFunction1.invokeKt$godot_core_library(Functions.kt:76)
	at godot.core.KtFunction.invoke(Functions.kt:38)

==== KIỂM TRA TIMER ====
Godot-JVM: Error calling JVM method _process of script WeaponShotgun:<Node2D#54811166338> from Godot:
java.lang.NullPointerException: Cannot read field "stats" because "this.data" is null
	at game.items.weapons.Weapon.useWeapon(Weapon.java:210)
	at game.items.weapons.Weapon._process(Weapon.java:195)
	at godot.entry.WeaponRegistrar$register$1$1$2.invoke(WeaponRegistrar.kt:41)
	at godot.entry.WeaponRegistrar$register$1$1$2.invoke(WeaponRegistrar.kt:41)
	at godot.core.KtFunction1.invokeKt$godot_core_library(Functions.kt:76)
	at godot.core.KtFunction.invoke(Functions.kt:38)

Đạn đã bay màu khỏi màn hình!
QUÉT TRÚNG RỒI! Tên Area là: HitboxComponent
Đã thêm quái: @Area2D@55 | Số lượng: 1
Đạn đã bay màu khỏi màn hình!
Đạn đã bay màu khỏi màn hình!
QUÉT TRÚNG RỒI! Tên Area là: HurtboxComponent
QUÉT TRÚNG RỒI! Tên Area là: HitboxComponent
Đã thêm quái: @Area2D@55 | Số lượng: 1
Đạn đã bay màu khỏi màn hình!
QUÉT TRÚNG RỒI! Tên Area là: HurtboxComponent
Đạn đã bay màu khỏi màn hình!
Đạn đã bay màu khỏi màn hình!
Đạn đã bay màu khỏi màn hình!
==== KIỂM TRA TIMER ====
1. File Stats báo Cooldown là: 1.0 giây
2. Timer thực tế đang cài đặt WaitTime là: 1.0 giây
3. Đã bấm Start! Thời gian đếm ngược còn lại: 1.0 giây
========================
QUÉT TRÚNG RỒI! Tên Area là: HitboxComponent
Đã thêm quái: @Area2D@55 | Số lượng: 1
QUÉT TRÚNG RỒI! Tên Area là: HitboxComponent
Đã thêm quái: @Area2D@67 | Số lượng: 2
Đạn đã bay màu khỏi màn hình!
QUÉT TRÚNG RỒI! Tên Area là: HurtboxComponent
QUÉT TRÚNG RỒI! Tên Area là: HitboxComponent
Đã thêm quái: @Area2D@67 | Số lượng: 2
QUÉT TRÚNG RỒI! Tên Area là: HurtboxComponent
==== KIỂM TRA TIMER ====
1. File Stats báo Cooldown là: 1.2 giây
2. Timer thực tế đang cài đặt WaitTime là: 1.2000000476837158 giây
3. Đã bấm Start! Thời gian đếm ngược còn lại: 1.2000000476837158 giây
========================
QUÉT TRÚNG RỒI! Tên Area là: HitboxComponent
Đã thêm quái: @Area2D@67 | Số lượng: 1
==== KIỂM TRA TIMER ====
Godot-JVM: Error calling JVM method _process of script WeaponPunch:<Node2D#56488888036> from Godot:
java.lang.NullPointerException: Cannot read field "stats" because "this.data" is null
	at game.items.weapons.Weapon.useWeapon(Weapon.java:210)
	at game.items.weapons.Weapon._process(Weapon.java:195)
	at godot.entry.WeaponRegistrar$register$1$1$2.invoke(WeaponRegistrar.kt:41)
	at godot.entry.WeaponRegistrar$register$1$1$2.invoke(WeaponRegistrar.kt:41)
	at godot.core.KtFunction1.invokeKt$godot_core_library(Functions.kt:76)
	at godot.core.KtFunction.invoke(Functions.kt:38)

==== KIỂM TRA TIMER ====
Godot-JVM: Error calling JVM method _process of script WeaponPunch:<Node2D#56488888036> from Godot:
java.lang.NullPointerException: Cannot read field "stats" because "this.data" is null
	at game.items.weapons.Weapon.useWeapon(Weapon.java:210)
	at game.items.weapons.Weapon._process(Weapon.java:195)
	at godot.entry.WeaponRegistrar$register$1$1$2.invoke(WeaponRegistrar.kt:41)
	at godot.entry.WeaponRegistrar$register$1$1$2.invoke(WeaponRegistrar.kt:41)
	at godot.core.KtFunction1.invokeKt$godot_core_library(Functions.kt:76)
	at godot.core.KtFunction.invoke(Functions.kt:38)

==== KIỂM TRA TIMER ====
Godot-JVM: Error calling JVM method _process of script WeaponPunch:<Node2D#56488888036> from Godot:
java.lang.NullPointerException: Cannot read field "stats" because "this.data" is null
	at game.items.weapons.Weapon.useWeapon(Weapon.java:210)
	at game.items.weapons.Weapon._process(Weapon.java:195)
	at godot.entry.WeaponRegistrar$register$1$1$2.invoke(WeaponRegistrar.kt:41)
	at godot.entry.WeaponRegistrar$register$1$1$2.invoke(WeaponRegistrar.kt:41)
	at godot.core.KtFunction1.invokeKt$godot_core_library(Functions.kt:76)
	at godot.core.KtFunction.invoke(Functions.kt:38)

==== KIỂM TRA TIMER ====
Godot-JVM: Error calling JVM method _process of script WeaponPunch:<Node2D#56488888036> from Godot:
java.lang.NullPointerException: Cannot read field "stats" because "this.data" is null
	at game.items.weapons.Weapon.useWeapon(Weapon.java:210)
	at game.items.weapons.Weapon._process(Weapon.java:195)
	at godot.entry.WeaponRegistrar$register$1$1$2.invoke(WeaponRegistrar.kt:41)
	at godot.entry.WeaponRegistrar$register$1$1$2.invoke(WeaponRegistrar.kt:41)
	at godot.core.KtFunction1.invokeKt$godot_core_library(Functions.kt:76)
	at godot.core.KtFunction.invoke(Functions.kt:38)

==== KIỂM TRA TIMER ====
Godot-JVM: Error calling JVM method _process of script WeaponPunch:<Node2D#56488888036> from Godot:
java.lang.NullPointerException: Cannot read field "stats" because "this.data" is null
	at game.items.weapons.Weapon.useWeapon(Weapon.java:210)
	at game.items.weapons.Weapon._process(Weapon.java:195)
	at godot.entry.WeaponRegistrar$register$1$1$2.invoke(WeaponRegistrar.kt:41)
	at godot.entry.WeaponRegistrar$register$1$1$2.invoke(WeaponRegistrar.kt:41)
	at godot.core.KtFunction1.invokeKt$godot_core_library(Functions.kt:76)
	at godot.core.KtFunction.invoke(Functions.kt:38)

==== KIỂM TRA TIMER ====
Godot-JVM: Error calling JVM method _process of script WeaponPunch:<Node2D#56488888036> from Godot:
java.lang.NullPointerException: Cannot read field "stats" because "this.data" is null
	at game.items.weapons.Weapon.useWeapon(Weapon.java:210)
	at game.items.weapons.Weapon._process(Weapon.java:195)
	at godot.entry.WeaponRegistrar$register$1$1$2.invoke(WeaponRegistrar.kt:41)
	at godot.entry.WeaponRegistrar$register$1$1$2.invoke(WeaponRegistrar.kt:41)
	at godot.core.KtFunction1.invokeKt$godot_core_library(Functions.kt:76)
	at godot.core.KtFunction.invoke(Functions.kt:38)

==== KIỂM TRA TIMER ====
Godot-JVM: Error calling JVM method _process of script WeaponPunch:<Node2D#56488888036> from Godot:
java.lang.NullPointerException: Cannot read field "stats" because "this.data" is null
	at game.items.weapons.Weapon.useWeapon(Weapon.java:210)
	at game.items.weapons.Weapon._process(Weapon.java:195)
	at godot.entry.WeaponRegistrar$register$1$1$2.invoke(WeaponRegistrar.kt:41)
	at godot.entry.WeaponRegistrar$register$1$1$2.invoke(WeaponRegistrar.kt:41)
	at godot.core.KtFunction1.invokeKt$godot_core_library(Functions.kt:76)
	at godot.core.KtFunction.invoke(Functions.kt:38)

==== KIỂM TRA TIMER ====
Godot-JVM: Error calling JVM method _process of script WeaponPunch:<Node2D#56488888036> from Godot:
java.lang.NullPointerException: Cannot read field "stats" because "this.data" is null
	at game.items.weapons.Weapon.useWeapon(Weapon.java:210)
	at game.items.weapons.Weapon._process(Weapon.java:195)
	at godot.entry.WeaponRegistrar$register$1$1$2.invoke(WeaponRegistrar.kt:41)
	at godot.entry.WeaponRegistrar$register$1$1$2.invoke(WeaponRegistrar.kt:41)
	at godot.core.KtFunction1.invokeKt$godot_core_library(Functions.kt:76)
	at godot.core.KtFunction.invoke(Functions.kt:38)

==== KIỂM TRA TIMER ====
Godot-JVM: Error calling JVM method _process of script WeaponPunch:<Node2D#56488888036> from Godot:
java.lang.NullPointerException: Cannot read field "stats" because "this.data" is null
	at game.items.weapons.Weapon.useWeapon(Weapon.java:210)
	at game.items.weapons.Weapon._process(Weapon.java:195)
	at godot.entry.WeaponRegistrar$register$1$1$2.invoke(WeaponRegistrar.kt:41)
	at godot.entry.WeaponRegistrar$register$1$1$2.invoke(WeaponRegistrar.kt:41)
	at godot.core.KtFunction1.invokeKt$godot_core_library(Functions.kt:76)
	at godot.core.KtFunction.invoke(Functions.kt:38)

==== KIỂM TRA TIMER ====
Godot-JVM: Error calling JVM method _process of script WeaponPunch:<Node2D#56488888036> from Godot:
java.lang.NullPointerException: Cannot read field "stats" because "this.data" is null
	at game.items.weapons.Weapon.useWeapon(Weapon.java:210)
	at game.items.weapons.Weapon._process(Weapon.java:195)
	at godot.entry.WeaponRegistrar$register$1$1$2.invoke(WeaponRegistrar.kt:41)
	at godot.entry.WeaponRegistrar$register$1$1$2.invoke(WeaponRegistrar.kt:41)
	at godot.core.KtFunction1.invokeKt$godot_core_library(Functions.kt:76)
	at godot.core.KtFunction.invoke(Functions.kt:38)

==== KIỂM TRA TIMER ====
Godot-JVM: Error calling JVM method _process of script WeaponPunch:<Node2D#56488888036> from Godot:
java.lang.NullPointerException: Cannot read field "stats" because "this.data" is null
	at game.items.weapons.Weapon.useWeapon(Weapon.java:210)
	at game.items.weapons.Weapon._process(Weapon.java:195)
	at godot.entry.WeaponRegistrar$register$1$1$2.invoke(WeaponRegistrar.kt:41)
	at godot.entry.WeaponRegistrar$register$1$1$2.invoke(WeaponRegistrar.kt:41)
	at godot.core.KtFunction1.invokeKt$godot_core_library(Functions.kt:76)
	at godot.core.KtFunction.invoke(Functions.kt:38)

==== KIỂM TRA TIMER ====
Godot-JVM: Error calling JVM method _process of script WeaponPunch:<Node2D#56488888036> from Godot:
java.lang.NullPointerException: Cannot read field "stats" because "this.data" is null
	at game.items.weapons.Weapon.useWeapon(Weapon.java:210)
	at game.items.weapons.Weapon._process(Weapon.java:195)
	at godot.entry.WeaponRegistrar$register$1$1$2.invoke(WeaponRegistrar.kt:41)
	at godot.entry.WeaponRegistrar$register$1$1$2.invoke(WeaponRegistrar.kt:41)
	at godot.core.KtFunction1.invokeKt$godot_core_library(Functions.kt:76)
	at godot.core.KtFunction.invoke(Functions.kt:38)

==== KIỂM TRA TIMER ====
Godot-JVM: Error calling JVM method _process of script WeaponPunch:<Node2D#56488888036> from Godot:
java.lang.NullPointerException: Cannot read field "stats" because "this.data" is null
	at game.items.weapons.Weapon.useWeapon(Weapon.java:210)
	at game.items.weapons.Weapon._process(Weapon.java:195)
	at godot.entry.WeaponRegistrar$register$1$1$2.invoke(WeaponRegistrar.kt:41)
	at godot.entry.WeaponRegistrar$register$1$1$2.invoke(WeaponRegistrar.kt:41)
	at godot.core.KtFunction1.invokeKt$godot_core_library(Functions.kt:76)
	at godot.core.KtFunction.invoke(Functions.kt:38)

==== KIỂM TRA TIMER ====
Godot-JVM: Error calling JVM method _process of script WeaponPunch:<Node2D#56488888036> from Godot:
java.lang.NullPointerException: Cannot read field "stats" because "this.data" is null
	at game.items.weapons.Weapon.useWeapon(Weapon.java:210)
	at game.items.weapons.Weapon._process(Weapon.java:195)
	at godot.entry.WeaponRegistrar$register$1$1$2.invoke(WeaponRegistrar.kt:41)
	at godot.entry.WeaponRegistrar$register$1$1$2.invoke(WeaponRegistrar.kt:41)
	at godot.core.KtFunction1.invokeKt$godot_core_library(Functions.kt:76)
	at godot.core.KtFunction.invoke(Functions.kt:38)

==== KIỂM TRA TIMER ====
Godot-JVM: Error calling JVM method _process of script WeaponPunch:<Node2D#56488888036> from Godot:
java.lang.NullPointerException: Cannot read field "stats" because "this.data" is null
	at game.items.weapons.Weapon.useWeapon(Weapon.java:210)
	at game.items.weapons.Weapon._process(Weapon.java:195)
	at godot.entry.WeaponRegistrar$register$1$1$2.invoke(WeaponRegistrar.kt:41)
	at godot.entry.WeaponRegistrar$register$1$1$2.invoke(WeaponRegistrar.kt:41)
	at godot.core.KtFunction1.invokeKt$godot_core_library(Functions.kt:76)
	at godot.core.KtFunction.invoke(Functions.kt:38)

Đạn đã bay màu khỏi màn hình!
==== KIỂM TRA TIMER ====
Godot-JVM: Error calling JVM method _process of script WeaponPunch:<Node2D#56488888036> from Godot:
java.lang.NullPointerException: Cannot read field "stats" because "this.data" is null
	at game.items.weapons.Weapon.useWeapon(Weapon.java:210)
	at game.items.weapons.Weapon._process(Weapon.java:195)
	at godot.entry.WeaponRegistrar$register$1$1$2.invoke(WeaponRegistrar.kt:41)
	at godot.entry.WeaponRegistrar$register$1$1$2.invoke(WeaponRegistrar.kt:41)
	at godot.core.KtFunction1.invokeKt$godot_core_library(Functions.kt:76)
	at godot.core.KtFunction.invoke(Functions.kt:38)

==== KIỂM TRA TIMER ====
Godot-JVM: Error calling JVM method _process of script WeaponPunch:<Node2D#56488888036> from Godot:
java.lang.NullPointerException: Cannot read field "stats" because "this.data" is null
	at game.items.weapons.Weapon.useWeapon(Weapon.java:210)
	at game.items.weapons.Weapon._process(Weapon.java:195)
	at godot.entry.WeaponRegistrar$register$1$1$2.invoke(WeaponRegistrar.kt:41)
	at godot.entry.WeaponRegistrar$register$1$1$2.invoke(WeaponRegistrar.kt:41)
	at godot.core.KtFunction1.invokeKt$godot_core_library(Functions.kt:76)
	at godot.core.KtFunction.invoke(Functions.kt:38)

==== KIỂM TRA TIMER ====
Godot-JVM: Error calling JVM method _process of script WeaponPunch:<Node2D#56488888036> from Godot:
java.lang.NullPointerException: Cannot read field "stats" because "this.data" is null
	at game.items.weapons.Weapon.useWeapon(Weapon.java:210)
	at game.items.weapons.Weapon._process(Weapon.java:195)
	at godot.entry.WeaponRegistrar$register$1$1$2.invoke(WeaponRegistrar.kt:41)
	at godot.entry.WeaponRegistrar$register$1$1$2.invoke(WeaponRegistrar.kt:41)
	at godot.core.KtFunction1.invokeKt$godot_core_library(Functions.kt:76)
	at godot.core.KtFunction.invoke(Functions.kt:38)

==== KIỂM TRA TIMER ====
Godot-JVM: Error calling JVM method _process of script WeaponPunch:<Node2D#56488888036> from Godot:
java.lang.NullPointerException: Cannot read field "stats" because "this.data" is null
	at game.items.weapons.Weapon.useWeapon(Weapon.java:210)
	at game.items.weapons.Weapon._process(Weapon.java:195)
	at godot.entry.WeaponRegistrar$register$1$1$2.invoke(WeaponRegistrar.kt:41)
	at godot.entry.WeaponRegistrar$register$1$1$2.invoke(WeaponRegistrar.kt:41)
	at godot.core.KtFunction1.invokeKt$godot_core_library(Functions.kt:76)
	at godot.core.KtFunction.invoke(Functions.kt:38)

==== KIỂM TRA TIMER ====
Godot-JVM: Error calling JVM method _process of script WeaponPunch:<Node2D#56488888036> from Godot:
java.lang.NullPointerException: Cannot read field "stats" because "this.data" is null
	at game.items.weapons.Weapon.useWeapon(Weapon.java:210)
	at game.items.weapons.Weapon._process(Weapon.java:195)
	at godot.entry.WeaponRegistrar$register$1$1$2.invoke(WeaponRegistrar.kt:41)
	at godot.entry.WeaponRegistrar$register$1$1$2.invoke(WeaponRegistrar.kt:41)
	at godot.core.KtFunction1.invokeKt$godot_core_library(Functions.kt:76)
	at godot.core.KtFunction.invoke(Functions.kt:38)

==== KIỂM TRA TIMER ====
Godot-JVM: Error calling JVM method _process of script WeaponPunch:<Node2D#56488888036> from Godot:
java.lang.NullPointerException: Cannot read field "stats" because "this.data" is null
	at game.items.weapons.Weapon.useWeapon(Weapon.java:210)
	at game.items.weapons.Weapon._process(Weapon.java:195)
	at godot.entry.WeaponRegistrar$register$1$1$2.invoke(WeaponRegistrar.kt:41)
	at godot.entry.WeaponRegistrar$register$1$1$2.invoke(WeaponRegistrar.kt:41)
	at godot.core.KtFunction1.invokeKt$godot_core_library(Functions.kt:76)
	at godot.core.KtFunction.invoke(Functions.kt:38)

==== KIỂM TRA TIMER ====
Godot-JVM: Error calling JVM method _process of script WeaponPunch:<Node2D#56488888036> from Godot:
java.lang.NullPointerException: Cannot read field "stats" because "this.data" is null
	at game.items.weapons.Weapon.useWeapon(Weapon.java:210)
	at game.items.weapons.Weapon._process(Weapon.java:195)
	at godot.entry.WeaponRegistrar$register$1$1$2.invoke(WeaponRegistrar.kt:41)
	at godot.entry.WeaponRegistrar$register$1$1$2.invoke(WeaponRegistrar.kt:41)
	at godot.core.KtFunction1.invokeKt$godot_core_library(Functions.kt:76)
	at godot.core.KtFunction.invoke(Functions.kt:38)

==== KIỂM TRA TIMER ====
Godot-JVM: Error calling JVM method _process of script WeaponPunch:<Node2D#56488888036> from Godot:
java.lang.NullPointerException: Cannot read field "stats" because "this.data" is null
	at game.items.weapons.Weapon.useWeapon(Weapon.java:210)
	at game.items.weapons.Weapon._process(Weapon.java:195)
	at godot.entry.WeaponRegistrar$register$1$1$2.invoke(WeaponRegistrar.kt:41)
	at godot.entry.WeaponRegistrar$register$1$1$2.invoke(WeaponRegistrar.kt:41)
	at godot.core.KtFunction1.invokeKt$godot_core_library(Functions.kt:76)
	at godot.core.KtFunction.invoke(Functions.kt:38)

==== KIỂM TRA TIMER ====
Godot-JVM: Error calling JVM method _process of script WeaponPunch:<Node2D#56488888036> from Godot:
java.lang.NullPointerException: Cannot read field "stats" because "this.data" is null
	at game.items.weapons.Weapon.useWeapon(Weapon.java:210)
	at game.items.weapons.Weapon._process(Weapon.java:195)
	at godot.entry.WeaponRegistrar$register$1$1$2.invoke(WeaponRegistrar.kt:41)
	at godot.entry.WeaponRegistrar$register$1$1$2.invoke(WeaponRegistrar.kt:41)
	at godot.core.KtFunction1.invokeKt$godot_core_library(Functions.kt:76)
	at godot.core.KtFunction.invoke(Functions.kt:38)

==== KIỂM TRA TIMER ====
Godot-JVM: Error calling JVM method _process of script WeaponPunch:<Node2D#56488888036> from Godot:
java.lang.NullPointerException: Cannot read field "stats" because "this.data" is null
	at game.items.weapons.Weapon.useWeapon(Weapon.java:210)
	at game.items.weapons.Weapon._process(Weapon.java:195)
	at godot.entry.WeaponRegistrar$register$1$1$2.invoke(WeaponRegistrar.kt:41)
	at godot.entry.WeaponRegistrar$register$1$1$2.invoke(WeaponRegistrar.kt:41)
	at godot.core.KtFunction1.invokeKt$godot_core_library(Functions.kt:76)
	at godot.core.KtFunction.invoke(Functions.kt:38)

==== KIỂM TRA TIMER ====
Godot-JVM: Error calling JVM method _process of script WeaponPunch:<Node2D#56488888036> from Godot:
java.lang.NullPointerException: Cannot read field "stats" because "this.data" is null
	at game.items.weapons.Weapon.useWeapon(Weapon.java:210)
	at game.items.weapons.Weapon._process(Weapon.java:195)
	at godot.entry.WeaponRegistrar$register$1$1$2.invoke(WeaponRegistrar.kt:41)
	at godot.entry.WeaponRegistrar$register$1$1$2.invoke(WeaponRegistrar.kt:41)
	at godot.core.KtFunction1.invokeKt$godot_core_library(Functions.kt:76)
	at godot.core.KtFunction.invoke(Functions.kt:38)

==== KIỂM TRA TIMER ====
Godot-JVM: Error calling JVM method _process of script WeaponPunch:<Node2D#56488888036> from Godot:
java.lang.NullPointerException: Cannot read field "stats" because "this.data" is null
	at game.items.weapons.Weapon.useWeapon(Weapon.java:210)
	at game.items.weapons.Weapon._process(Weapon.java:195)
	at godot.entry.WeaponRegistrar$register$1$1$2.invoke(WeaponRegistrar.kt:41)
	at godot.entry.WeaponRegistrar$register$1$1$2.invoke(WeaponRegistrar.kt:41)
	at godot.core.KtFunction1.invokeKt$godot_core_library(Functions.kt:76)
	at godot.core.KtFunction.invoke(Functions.kt:38)

==== KIỂM TRA TIMER ====
Godot-JVM: Error calling JVM method _process of script WeaponPunch:<Node2D#56488888036> from Godot:
java.lang.NullPointerException: Cannot read field "stats" because "this.data" is null
	at game.items.weapons.Weapon.useWeapon(Weapon.java:210)
	at game.items.weapons.Weapon._process(Weapon.java:195)
	at godot.entry.WeaponRegistrar$register$1$1$2.invoke(WeaponRegistrar.kt:41)
	at godot.entry.WeaponRegistrar$register$1$1$2.invoke(WeaponRegistrar.kt:41)
	at godot.core.KtFunction1.invokeKt$godot_core_library(Functions.kt:76)
	at godot.core.KtFunction.invoke(Functions.kt:38)

==== KIỂM TRA TIMER ====
Godot-JVM: Error calling JVM method _process of script WeaponPunch:<Node2D#56488888036> from Godot:
java.lang.NullPointerException: Cannot read field "stats" because "this.data" is null
	at game.items.weapons.Weapon.useWeapon(Weapon.java:210)
	at game.items.weapons.Weapon._process(Weapon.java:195)
	at godot.entry.WeaponRegistrar$register$1$1$2.invoke(WeaponRegistrar.kt:41)
	at godot.entry.WeaponRegistrar$register$1$1$2.invoke(WeaponRegistrar.kt:41)
	at godot.core.KtFunction1.invokeKt$godot_core_library(Functions.kt:76)
	at godot.core.KtFunction.invoke(Functions.kt:38)

==== KIỂM TRA TIMER ====
Godot-JVM: Error calling JVM method _process of script WeaponPunch:<Node2D#56488888036> from Godot:
java.lang.NullPointerException: Cannot read field "stats" because "this.data" is null
	at game.items.weapons.Weapon.useWeapon(Weapon.java:210)
	at game.items.weapons.Weapon._process(Weapon.java:195)
	at godot.entry.WeaponRegistrar$register$1$1$2.invoke(WeaponRegistrar.kt:41)
	at godot.entry.WeaponRegistrar$register$1$1$2.invoke(WeaponRegistrar.kt:41)
	at godot.core.KtFunction1.invokeKt$godot_core_library(Functions.kt:76)
	at godot.core.KtFunction.invoke(Functions.kt:38)

==== KIỂM TRA TIMER ====
Godot-JVM: Error calling JVM method _process of script WeaponPunch:<Node2D#56488888036> from Godot:
java.lang.NullPointerException: Cannot read field "stats" because "this.data" is null
	at game.items.weapons.Weapon.useWeapon(Weapon.java:210)
	at game.items.weapons.Weapon._process(Weapon.java:195)
	at godot.entry.WeaponRegistrar$register$1$1$2.invoke(WeaponRegistrar.kt:41)
	at godot.entry.WeaponRegistrar$register$1$1$2.invoke(WeaponRegistrar.kt:41)
	at godot.core.KtFunction1.invokeKt$godot_core_library(Functions.kt:76)
	at godot.core.KtFunction.invoke(Functions.kt:38)

HURTBOX @Area2D@67 ENTERED BY: HitBoxComponent (class: HitBoxComponent)
HURTBOX @Area2D@67 DETECTED HITBOX! Damage = 65.0
@Area2D@67 0.0
==== KIỂM TRA TIMER ====
Godot-JVM: Error calling JVM method _process of script WeaponPunch:<Node2D#56488888036> from Godot:
java.lang.NullPointerException: Cannot read field "stats" because "this.data" is null
	at game.items.weapons.Weapon.useWeapon(Weapon.java:210)
	at game.items.weapons.Weapon._process(Weapon.java:195)
	at godot.entry.WeaponRegistrar$register$1$1$2.invoke(WeaponRegistrar.kt:41)
	at godot.entry.WeaponRegistrar$register$1$1$2.invoke(WeaponRegistrar.kt:41)
	at godot.core.KtFunction1.invokeKt$godot_core_library(Functions.kt:76)
	at godot.core.KtFunction.invoke(Functions.kt:38)

==== KIỂM TRA TIMER ====
Godot-JVM: Error calling JVM method _process of script WeaponPunch:<Node2D#56488888036> from Godot:
java.lang.NullPointerException: Cannot read field "stats" because "this.data" is null
	at game.items.weapons.Weapon.useWeapon(Weapon.java:210)
	at game.items.weapons.Weapon._process(Weapon.java:195)
	at godot.entry.WeaponRegistrar$register$1$1$2.invoke(WeaponRegistrar.kt:41)
	at godot.entry.WeaponRegistrar$register$1$1$2.invoke(WeaponRegistrar.kt:41)
	at godot.core.KtFunction1.invokeKt$godot_core_library(Functions.kt:76)
	at godot.core.KtFunction.invoke(Functions.kt:38)

==== KIỂM TRA TIMER ====
Godot-JVM: Error calling JVM method _process of script WeaponPunch:<Node2D#56488888036> from Godot:
java.lang.NullPointerException: Cannot read field "stats" because "this.data" is null
	at game.items.weapons.Weapon.useWeapon(Weapon.java:210)
	at game.items.weapons.Weapon._process(Weapon.java:195)
	at godot.entry.WeaponRegistrar$register$1$1$2.invoke(WeaponRegistrar.kt:41)
	at godot.entry.WeaponRegistrar$register$1$1$2.invoke(WeaponRegistrar.kt:41)
	at godot.core.KtFunction1.invokeKt$godot_core_library(Functions.kt:76)
	at godot.core.KtFunction.invoke(Functions.kt:38)

QUÉT TRÚNG RỒI! Tên Area là: HitboxComponent
Đã thêm quái: @Area2D@74 | Số lượng: 1
QUÉT TRÚNG RỒI! Tên Area là: HurtboxComponent
BOMB explode called
BOMB explode: hitbox enabled. Damage = 100.0, monitoring = false, monitorable = false
HURTBOX @Area2D@74 ENTERED BY: HitBoxComponent (class: HitBoxComponent)
HURTBOX @Area2D@74 DETECTED HITBOX! Damage = 65.0
@Area2D@74 0.0
Đạn đã bay màu khỏi màn hình!
QUÉT TRÚNG RỒI! Tên Area là: HitboxComponent
Đã thêm quái: @Area2D@75 | Số lượng: 1
QUÉT TRÚNG RỒI! Tên Area là: HurtboxComponent
QUÉT TRÚNG RỒI! Tên Area là: HitboxComponent
Đã thêm quái: @Area2D@55 | Số lượng: 1
==== KIỂM TRA TIMER ====
1. File Stats báo Cooldown là: 0.1 giây
2. Timer thực tế đang cài đặt WaitTime là: 0.10000000149011612 giây
3. Đã bấm Start! Thời gian đếm ngược còn lại: 0.10000000149011612 giây
========================
QUÉT TRÚNG RỒI! Tên Area là: HurtboxComponent
==== KIỂM TRA TIMER ====
1. File Stats báo Cooldown là: 0.1 giây
2. Timer thực tế đang cài đặt WaitTime là: 0.10000000149011612 giây
3. Đã bấm Start! Thời gian đếm ngược còn lại: 0.10000000149011612 giây
========================
QUÉT TRÚNG RỒI! Tên Area là: HitboxComponent
Đã thêm quái: @Area2D@55 | Số lượng: 1
CHÉM TRÚNG: @Area2D@55
HURTBOX @Area2D@55 ENTERED BY: HitboxComponent (class: HitBoxComponent)
HURTBOX @Area2D@55 DETECTED HITBOX! Damage = 51.0
@Area2D@55 0.0
==== KIỂM TRA TIMER ====
Godot-JVM: Error calling JVM method _process of script WeaponShotgun:<Node2D#54811166338> from Godot:
java.lang.NullPointerException: Cannot read field "stats" because "this.data" is null
	at game.items.weapons.Weapon.useWeapon(Weapon.java:210)
	at game.items.weapons.Weapon._process(Weapon.java:195)
	at godot.entry.WeaponRegistrar$register$1$1$2.invoke(WeaponRegistrar.kt:41)
	at godot.entry.WeaponRegistrar$register$1$1$2.invoke(WeaponRegistrar.kt:41)
	at godot.core.KtFunction1.invokeKt$godot_core_library(Functions.kt:76)
	at godot.core.KtFunction.invoke(Functions.kt:38)

==== KIỂM TRA TIMER ====
Godot-JVM: Error calling JVM method _process of script WeaponShotgun:<Node2D#54811166338> from Godot:
java.lang.NullPointerException: Cannot read field "stats" because "this.data" is null
	at game.items.weapons.Weapon.useWeapon(Weapon.java:210)
	at game.items.weapons.Weapon._process(Weapon.java:195)
	at godot.entry.WeaponRegistrar$register$1$1$2.invoke(WeaponRegistrar.kt:41)
	at godot.entry.WeaponRegistrar$register$1$1$2.invoke(WeaponRegistrar.kt:41)
	at godot.core.KtFunction1.invokeKt$godot_core_library(Functions.kt:76)
	at godot.core.KtFunction.invoke(Functions.kt:38)

QUÉT TRÚNG RỒI! Tên Area là: HitboxComponent
Đã thêm quái: @Area2D@75 | Số lượng: 1
==== KIỂM TRA TIMER ====
1. File Stats báo Cooldown là: 1.0 giây
2. Timer thực tế đang cài đặt WaitTime là: 1.0 giây
3. Đã bấm Start! Thời gian đếm ngược còn lại: 1.0 giây
========================
QUÉT TRÚNG RỒI! Tên Area là: HurtboxComponent
QUÉT TRÚNG RỒI! Tên Area là: HitboxComponent
Đã thêm quái: @Area2D@77 | Số lượng: 2
CHÉM TRÚNG: @Area2D@77
HURTBOX @Area2D@77 ENTERED BY: HitboxComponent (class: HitBoxComponent)
HURTBOX @Area2D@77 DETECTED HITBOX! Damage = 170.0
@Area2D@77 0.0
CHÉM TRÚNG: @Area2D@75
HURTBOX @Area2D@75 ENTERED BY: HitboxComponent (class: HitBoxComponent)
HURTBOX @Area2D@75 DETECTED HITBOX! Damage = 51.0
@Area2D@75 0.0
QUÉT TRÚNG RỒI! Tên Area là: HitboxComponent
Đã thêm quái: @Area2D@81 | Số lượng: 1
==== KIỂM TRA TIMER ====
1. File Stats báo Cooldown là: 1.2 giây
2. Timer thực tế đang cài đặt WaitTime là: 1.2000000476837158 giây
3. Đã bấm Start! Thời gian đếm ngược còn lại: 1.2000000476837158 giây
========================
QUÉT TRÚNG RỒI! Tên Area là: HurtboxComponent
QUÉT TRÚNG RỒI! Tên Area là: HitboxComponent
Đã thêm quái: @Area2D@81 | Số lượng: 1
==== KIỂM TRA TIMER ====
1. File Stats báo Cooldown là: 1.0 giây
2. Timer thực tế đang cài đặt WaitTime là: 1.0 giây
3. Đã bấm Start! Thời gian đếm ngược còn lại: 1.0 giây
========================
QUÉT TRÚNG RỒI! Tên Area là: HurtboxComponent
HURTBOX @Area2D@82 ENTERED BY: HitBoxComponent (class: HitBoxComponent)
HURTBOX @Area2D@82 DETECTED HITBOX! Damage = 65.0
@Area2D@82 0.0
Đã bật đồng hồ cái đuôi chạy 0.6 giây!
BOMB _ready: hitbox = HitboxComponent:<Area2D#113699194837>
BOMB _ready: hitbox collision_layer = 4, collision_mask = 34
Đã bật đồng hồ cái đuôi chạy 0.6 giây!
Đạn đã bay màu khỏi màn hình!
QUÉT TRÚNG RỒI! Tên Area là: HitboxComponent
Đã thêm quái: @Area2D@81 | Số lượng: 1
==== KIỂM TRA TIMER ====
1. File Stats báo Cooldown là: 1.2 giây
2. Timer thực tế đang cài đặt WaitTime là: 1.2000000476837158 giây
3. Đã bấm Start! Thời gian đếm ngược còn lại: 1.2000000476837158 giây
========================
QUÉT TRÚNG RỒI! Tên Area là: HurtboxComponent
QUÉT TRÚNG RỒI! Tên Area là: HitboxComponent
Đã thêm quái: @Area2D@81 | Số lượng: 1
==== KIỂM TRA TIMER ====
1. File Stats báo Cooldown là: 0.1 giây
2. Timer thực tế đang cài đặt WaitTime là: 0.10000000149011612 giây
3. Đã bấm Start! Thời gian đếm ngược còn lại: 0.10000000149011612 giây
========================
QUÉT TRÚNG RỒI! Tên Area là: HurtboxComponent
HURTBOX @Area2D@81 ENTERED BY: HitBoxComponent (class: HitBoxComponent)
HURTBOX @Area2D@81 DETECTED HITBOX! Damage = 65.0
@Area2D@81 0.0
BOMB explode called
BOMB explode: hitbox enabled. Damage = 100.0, monitoring = false, monitorable = false
Đạn đã bay màu khỏi màn hình!
CHÉM TRÚNG: @Area2D@84
HURTBOX @Area2D@84 ENTERED BY: HitboxComponent (class: HitBoxComponent)
HURTBOX @Area2D@84 DETECTED HITBOX! Damage = 100.0
@Area2D@84 0.0
Đã bật đồng hồ cái đuôi chạy 0.6 giây!
BOMB _ready: hitbox = HitboxComponent:<Area2D#119235676997>
BOMB _ready: hitbox collision_layer = 4, collision_mask = 34
Đã bật đồng hồ cái đuôi chạy 0.6 giây!
QUÉT TRÚNG RỒI! Tên Area là: HitboxComponent
Đã thêm quái: @Area2D@85 | Số lượng: 1
QUÉT TRÚNG RỒI! Tên Area là: HurtboxComponent
Đã thêm quái: @Area2D@85 | Số lượng: 1
QUÉT TRÚNG RỒI! Tên Area là: HitboxComponent
==== KIỂM TRA TIMER ====
1. File Stats báo Cooldown là: 0.1 giây
2. Timer thực tế đang cài đặt WaitTime là: 0.10000000149011612 giây
3. Đã bấm Start! Thời gian đếm ngược còn lại: 0.10000000149011612 giây
========================
QUÉT TRÚNG RỒI! Tên Area là: HurtboxComponent
HURTBOX @Area2D@85 ENTERED BY: HitboxComponent (class: HitBoxComponent)
HURTBOX @Area2D@85 DETECTED HITBOX! Damage = 1.0
@Area2D@85 7.0
==== KIỂM TRA TIMER ====
1. File Stats báo Cooldown là: 1.2 giây
2. Timer thực tế đang cài đặt WaitTime là: 1.2000000476837158 giây
3. Đã bấm Start! Thời gian đếm ngược còn lại: 1.2000000476837158 giây
========================
CHÉM TRÚNG: @Area2D@85
HURTBOX @Area2D@85 ENTERED BY: HitboxComponent (class: HitBoxComponent)
HURTBOX @Area2D@85 DETECTED HITBOX! Damage = 51.0
@Area2D@85 0.0
==== KIỂM TRA TIMER ====
1. File Stats báo Cooldown là: 0.1 giây
2. Timer thực tế đang cài đặt WaitTime là: 0.10000000149011612 giây
3. Đã bấm Start! Thời gian đếm ngược còn lại: 0.10000000149011612 giây
========================
CHÉM TRÚNG: @Area2D@86
HURTBOX @Area2D@86 ENTERED BY: HitboxComponent (class: HitBoxComponent)
HURTBOX @Area2D@86 DETECTED HITBOX! Damage = 51.0
@Area2D@86 0.0
QUÉT TRÚNG RỒI! Tên Area là: HitboxComponent
Đã thêm quái: @Area2D@87 | Số lượng: 1
QUÉT TRÚNG RỒI! Tên Area là: HurtboxComponent
QUÉT TRÚNG RỒI! Tên Area là: HitboxComponent
Đã thêm quái: @Area2D@87 | Số lượng: 1
QUÉT TRÚNG RỒI! Tên Area là: HurtboxComponent
==== KIỂM TRA TIMER ====
1. File Stats báo Cooldown là: 1.2 giây
2. Timer thực tế đang cài đặt WaitTime là: 1.2000000476837158 giây
3. Đã bấm Start! Thời gian đếm ngược còn lại: 1.2000000476837158 giây
========================
QUÉT TRÚNG RỒI! Tên Area là: HitboxComponent
Đã thêm quái: @Area2D@87 | Số lượng: 1
==== KIỂM TRA TIMER ====
1. File Stats báo Cooldown là: 1.0 giây
2. Timer thực tế đang cài đặt WaitTime là: 1.0 giây
3. Đã bấm Start! Thời gian đếm ngược còn lại: 1.0 giây
========================
QUÉT TRÚNG RỒI! Tên Area là: HurtboxComponent
QUÉT TRÚNG RỒI! Tên Area là: HitboxComponent
Đã thêm quái: @Area2D@89 | Số lượng: 2
CHÉM TRÚNG: @Area2D@87
HURTBOX @Area2D@87 ENTERED BY: HitboxComponent (class: HitBoxComponent)
HURTBOX @Area2D@87 DETECTED HITBOX! Damage = 85.0
@Area2D@87 0.0
QUÉT TRÚNG RỒI! Tên Area là: HurtboxComponent
HURTBOX @Area2D@89 ENTERED BY: HitBoxComponent (class: HitBoxComponent)
HURTBOX @Area2D@89 DETECTED HITBOX! Damage = 65.0
@Area2D@89 0.0
BOMB explode called
BOMB explode: hitbox enabled. Damage = 100.0, monitoring = false, monitorable = false
QUÉT TRÚNG RỒI! Tên Area là: HitboxComponent
Đã thêm quái: @Area2D@92 | Số lượng: 1
QUÉT TRÚNG RỒI! Tên Area là: HurtboxComponent
QUÉT TRÚNG RỒI! Tên Area là: HitboxComponent
Đã thêm quái: @Area2D@92 | Số lượng: 1
QUÉT TRÚNG RỒI! Tên Area là: HitboxComponent
Đã thêm quái: @Area2D@92 | Số lượng: 1
==== KIỂM TRA TIMER ====
1. File Stats báo Cooldown là: 0.1 giây
2. Timer thực tế đang cài đặt WaitTime là: 0.10000000149011612 giây
3. Đã bấm Start! Thời gian đếm ngược còn lại: 0.10000000149011612 giây
========================
CHÉM TRÚNG: @Area2D@92
HURTBOX @Area2D@92 ENTERED BY: HitboxComponent (class: HitBoxComponent)
HURTBOX @Area2D@92 DETECTED HITBOX! Damage = 100.0
@Area2D@92 0.0
QUÉT TRÚNG RỒI! Tên Area là: HurtboxComponent
QUÉT TRÚNG RỒI! Tên Area là: HitboxComponent
Đã thêm quái: @Area2D@94 | Số lượng: 1
QUÉT TRÚNG RỒI! Tên Area là: HurtboxComponent
QUÉT TRÚNG RỒI! Tên Area là: HitboxComponent
Đã thêm quái: @Area2D@94 | Số lượng: 1
==== KIỂM TRA TIMER ====
1. File Stats báo Cooldown là: 0.1 giây
2. Timer thực tế đang cài đặt WaitTime là: 0.10000000149011612 giây
3. Đã bấm Start! Thời gian đếm ngược còn lại: 0.10000000149011612 giây
========================
==== KIỂM TRA TIMER ====
1. File Stats báo Cooldown là: 1.2 giây
2. Timer thực tế đang cài đặt WaitTime là: 1.2000000476837158 giây
3. Đã bấm Start! Thời gian đếm ngược còn lại: 1.2000000476837158 giây
========================
QUÉT TRÚNG RỒI! Tên Area là: HurtboxComponent
==== KIỂM TRA TIMER ====
1. File Stats báo Cooldown là: 0.1 giây
2. Timer thực tế đang cài đặt WaitTime là: 0.10000000149011612 giây
3. Đã bấm Start! Thời gian đếm ngược còn lại: 0.10000000149011612 giây
========================
CHÉM TRÚNG: @Area2D@94
HURTBOX @Area2D@94 ENTERED BY: HitboxComponent (class: HitBoxComponent)
HURTBOX @Area2D@94 DETECTED HITBOX! Damage = 51.0
@Area2D@94 0.0
Đã bật đồng hồ cái đuôi chạy 0.6 giây!
BOMB _ready: hitbox = HitboxComponent:<Area2D#126835755949>
BOMB _ready: hitbox collision_layer = 4, collision_mask = 34
Đã bật đồng hồ cái đuôi chạy 0.6 giây!
QUÉT TRÚNG RỒI! Tên Area là: HitboxComponent
Đã thêm quái: @Area2D@95 | Số lượng: 1
QUÉT TRÚNG RỒI! Tên Area là: HurtboxComponent
QUÉT TRÚNG RỒI! Tên Area là: HitboxComponent
Đã thêm quái: @Area2D@95 | Số lượng: 1
==== KIỂM TRA TIMER ====
1. File Stats báo Cooldown là: 0.1 giây
2. Timer thực tế đang cài đặt WaitTime là: 0.10000000149011612 giây
3. Đã bấm Start! Thời gian đếm ngược còn lại: 0.10000000149011612 giây
========================
QUÉT TRÚNG RỒI! Tên Area là: HurtboxComponent
HURTBOX @Area2D@95 ENTERED BY: HitBoxComponent (class: HitBoxComponent)
HURTBOX @Area2D@95 DETECTED HITBOX! Damage = 65.0
@Area2D@95 0.0
Đạn đã bay màu khỏi màn hình!
QUÉT TRÚNG RỒI! Tên Area là: HitboxComponent
Đã thêm quái: @Area2D@97 | Số lượng: 1
==== KIỂM TRA TIMER ====
1. File Stats báo Cooldown là: 1.0 giây
2. Timer thực tế đang cài đặt WaitTime là: 1.0 giây
3. Đã bấm Start! Thời gian đếm ngược còn lại: 1.0 giây
========================
QUÉT TRÚNG RỒI! Tên Area là: HurtboxComponent
CHÉM TRÚNG: @Area2D@97
HURTBOX @Area2D@97 ENTERED BY: HitboxComponent (class: HitBoxComponent)
HURTBOX @Area2D@97 DETECTED HITBOX! Damage = 51.0
@Area2D@97 0.0
QUÉT TRÚNG RỒI! Tên Area là: HitboxComponent
Đã thêm quái: @Area2D@99 | Số lượng: 1
QUÉT TRÚNG RỒI! Tên Area là: HurtboxComponent
QUÉT TRÚNG RỒI! Tên Area là: HitboxComponent
Đã thêm quái: @Area2D@104 | Số lượng: 2
QUÉT TRÚNG RỒI! Tên Area là: HurtboxComponent
QUÉT TRÚNG RỒI! Tên Area là: HitboxComponent
Đã thêm quái: @Area2D@99 | Số lượng: 1
==== KIỂM TRA TIMER ====
1. File Stats báo Cooldown là: 0.1 giây
2. Timer thực tế đang cài đặt WaitTime là: 0.10000000149011612 giây
3. Đã bấm Start! Thời gian đếm ngược còn lại: 0.10000000149011612 giây
========================
QUÉT TRÚNG RỒI! Tên Area là: HurtboxComponent
Đạn đã bay màu khỏi màn hình!
QUÉT TRÚNG RỒI! Tên Area là: HurtboxComponent
Đã thêm quái: @Area2D@106 | Số lượng: 1
QUÉT TRÚNG RỒI! Tên Area là: HitboxComponent
QUÉT TRÚNG RỒI! Tên Area là: HurtboxComponent
Đã thêm quái: @Area2D@106 | Số lượng: 2
QUÉT TRÚNG RỒI! Tên Area là: HitboxComponent
==== KIỂM TRA TIMER ====
1. File Stats báo Cooldown là: 1.2 giây
2. Timer thực tế đang cài đặt WaitTime là: 1.2000000476837158 giây
3. Đã bấm Start! Thời gian đếm ngược còn lại: 1.2000000476837158 giây
========================
CHÉM TRÚNG: @Area2D@99
HURTBOX @Area2D@99 ENTERED BY: HitboxComponent (class: HitBoxComponent)
HURTBOX @Area2D@99 DETECTED HITBOX! Damage = 51.0
@Area2D@99 0.0
HURTBOX @Area2D@106 ENTERED BY: HitBoxComponent (class: HitBoxComponent)
HURTBOX @Area2D@106 DETECTED HITBOX! Damage = 65.0
@Area2D@106 0.0
==== KIỂM TRA TIMER ====
1. File Stats báo Cooldown là: 1.0 giây
2. Timer thực tế đang cài đặt WaitTime là: 1.0 giây
3. Đã bấm Start! Thời gian đếm ngược còn lại: 1.0 giây
========================
QUÉT TRÚNG RỒI! Tên Area là: HitboxComponent
Đã thêm quái: @Area2D@108 | Số lượng: 1
QUÉT TRÚNG RỒI! Tên Area là: HurtboxComponent
HURTBOX @Area2D@104 ENTERED BY: HitboxComponent (class: HitBoxComponent)
HURTBOX @Area2D@104 DETECTED HITBOX! Damage = 85.0
@Area2D@104 0.0
CHÉM TRÚNG: @Area2D@104
QUÉT TRÚNG RỒI! Tên Area là: HitboxComponent
Đã thêm quái: @Area2D@108 | Số lượng: 1
QUÉT TRÚNG RỒI! Tên Area là: HurtboxComponent
BOMB explode called
BOMB explode: hitbox enabled. Damage = 100.0, monitoring = false, monitorable = false
QUÉT TRÚNG RỒI! Tên Area là: HurtboxComponent
Đã thêm quái: @Area2D@111 | Số lượng: 2
QUÉT TRÚNG RỒI! Tên Area là: HitboxComponent
QUÉT TRÚNG RỒI! Tên Area là: HitboxComponent
Đã thêm quái: @Area2D@111 | Số lượng: 2
==== KIỂM TRA TIMER ====
1. File Stats báo Cooldown là: 1.2 giây
2. Timer thực tế đang cài đặt WaitTime là: 1.2000000476837158 giây
3. Đã bấm Start! Thời gian đếm ngược còn lại: 1.2000000476837158 giây
========================
Đạn đã bay màu khỏi màn hình!
Đã bật đồng hồ cái đuôi chạy 0.6 giây!
BOMB _ready: hitbox = HitboxComponent:<Area2D#133345316030>
BOMB _ready: hitbox collision_layer = 4, collision_mask = 34
Đã bật đồng hồ cái đuôi chạy 0.6 giây!
QUÉT TRÚNG RỒI! Tên Area là: HitboxComponent
Đã thêm quái: @Area2D@108 | Số lượng: 1
==== KIỂM TRA TIMER ====
1. File Stats báo Cooldown là: 1.2 giây
2. Timer thực tế đang cài đặt WaitTime là: 1.2000000476837158 giây
3. Đã bấm Start! Thời gian đếm ngược còn lại: 1.2000000476837158 giây
========================
QUÉT TRÚNG RỒI! Tên Area là: HurtboxComponent
QUÉT TRÚNG RỒI! Tên Area là: HitboxComponent
Đã thêm quái: @Area2D@108 | Số lượng: 1
==== KIỂM TRA TIMER ====
1. File Stats báo Cooldown là: 0.1 giây
2. Timer thực tế đang cài đặt WaitTime là: 0.10000000149011612 giây
3. Đã bấm Start! Thời gian đếm ngược còn lại: 0.10000000149011612 giây
========================
QUÉT TRÚNG RỒI! Tên Area là: HurtboxComponent
QUÉT TRÚNG RỒI! Tên Area là: HitboxComponent
Đã thêm quái: @Area2D@108 | Số lượng: 1
==== KIỂM TRA TIMER ====
1. File Stats báo Cooldown là: 1.0 giây
2. Timer thực tế đang cài đặt WaitTime là: 1.0 giây
3. Đã bấm Start! Thời gian đếm ngược còn lại: 1.0 giây
========================
QUÉT TRÚNG RỒI! Tên Area là: HurtboxComponent
HURTBOX @Area2D@108 ENTERED BY: HitBoxComponent (class: HitBoxComponent)
HURTBOX @Area2D@108 DETECTED HITBOX! Damage = 65.0
@Area2D@108 0.0
QUÉT TRÚNG RỒI! Tên Area là: HitboxComponent
Đã thêm quái: @Area2D@111 | Số lượng: 1
QUÉT TRÚNG RỒI! Tên Area là: HurtboxComponent
QUÉT TRÚNG RỒI! Tên Area là: HitboxComponent
Đã thêm quái: @Area2D@111 | Số lượng: 1
==== KIỂM TRA TIMER ====
1. File Stats báo Cooldown là: 0.1 giây
2. Timer thực tế đang cài đặt WaitTime là: 0.10000000149011612 giây
3. Đã bấm Start! Thời gian đếm ngược còn lại: 0.10000000149011612 giây
========================
QUÉT TRÚNG RỒI! Tên Area là: HurtboxComponent
HURTBOX @Area2D@111 ENTERED BY: HitBoxComponent (class: HitBoxComponent)
HURTBOX @Area2D@111 DETECTED HITBOX! Damage = 65.0
@Area2D@111 0.0
Đạn đã bay màu khỏi màn hình!
HURTBOX @Area2D@112 ENTERED BY: HitboxComponent (class: HitBoxComponent)
HURTBOX @Area2D@112 DETECTED HITBOX! Damage = 170.0
@Area2D@112 0.0
CHÉM TRÚNG: @Area2D@112
Đạn đã bay màu khỏi màn hình!
BOMB explode called
BOMB explode: hitbox enabled. Damage = 100.0, monitoring = false, monitorable = false
HURTBOX @Area2D@114 ENTERED BY: HitboxComponent (class: HitBoxComponent)
HURTBOX @Area2D@114 DETECTED HITBOX! Damage = 100.0
@Area2D@114 0.0
CHÉM TRÚNG: @Area2D@114
QUÉT TRÚNG RỒI! Tên Area là: HitboxComponent
Đã thêm quái: @Area2D@118 | Số lượng: 1
==== KIỂM TRA TIMER ====
1. File Stats báo Cooldown là: 1.0 giây
2. Timer thực tế đang cài đặt WaitTime là: 1.0 giây
3. Đã bấm Start! Thời gian đếm ngược còn lại: 1.0 giây
========================
QUÉT TRÚNG RỒI! Tên Area là: HurtboxComponent
QUÉT TRÚNG RỒI! Tên Area là: HitboxComponent
Đã thêm quái: @Area2D@118 | Số lượng: 1
CHÉM TRÚNG: @Area2D@118
HURTBOX @Area2D@118 ENTERED BY: HitboxComponent (class: HitBoxComponent)
HURTBOX @Area2D@118 DETECTED HITBOX! Damage = 85.0
@Area2D@118 0.0
==== KIỂM TRA TIMER ====
1. File Stats báo Cooldown là: 1.2 giây
2. Timer thực tế đang cài đặt WaitTime là: 1.2000000476837158 giây
3. Đã bấm Start! Thời gian đếm ngược còn lại: 1.2000000476837158 giây
========================
HURTBOX @Area2D@119 ENTERED BY: HitboxComponent (class: HitBoxComponent)
HURTBOX @Area2D@119 DETECTED HITBOX! Damage = 100.0
@Area2D@119 0.0
CHÉM TRÚNG: @Area2D@119
Đã bật đồng hồ cái đuôi chạy 0.6 giây!
BOMB _ready: hitbox = HitboxComponent:<Area2D#144149843389>
BOMB _ready: hitbox collision_layer = 4, collision_mask = 34
Đã bật đồng hồ cái đuôi chạy 0.6 giây!
QUÉT TRÚNG RỒI! Tên Area là: HitboxComponent
Đã thêm quái: @Area2D@124 | Số lượng: 1
==== KIỂM TRA TIMER ====
1. File Stats báo Cooldown là: 1.0 giây
2. Timer thực tế đang cài đặt WaitTime là: 1.0 giây
3. Đã bấm Start! Thời gian đếm ngược còn lại: 1.0 giây
========================
QUÉT TRÚNG RỒI! Tên Area là: HurtboxComponent
QUÉT TRÚNG RỒI! Tên Area là: HitboxComponent
Đã thêm quái: @Area2D@124 | Số lượng: 1
==== KIỂM TRA TIMER ====
1. File Stats báo Cooldown là: 1.2 giây
2. Timer thực tế đang cài đặt WaitTime là: 1.2000000476837158 giây
3. Đã bấm Start! Thời gian đếm ngược còn lại: 1.2000000476837158 giây
========================
HURTBOX @Area2D@124 ENTERED BY: HitboxComponent (class: HitBoxComponent)
HURTBOX @Area2D@124 DETECTED HITBOX! Damage = 170.0
@Area2D@124 0.0
CHÉM TRÚNG: @Area2D@124
HURTBOX @Area2D@120 ENTERED BY: HitboxComponent (class: HitBoxComponent)
HURTBOX @Area2D@120 DETECTED HITBOX! Damage = 1.0
@Area2D@120 3.0
HURTBOX Player_aph ENTERED BY: HitboxComponent (class: HitBoxComponent)
HURTBOX Player_aph DETECTED HITBOX! Damage = 10.0
Blocked
CHÉM TRÚNG: Player_aph
BOMB explode called
BOMB explode: hitbox enabled. Damage = 100.0, monitoring = false, monitorable = false
CHÉM TRÚNG: @Area2D@120
CHÉM TRÚNG: @Area2D@125
CHÉM TRÚNG: @Area2D@121
QUÉT TRÚNG RỒI! Tên Area là: HitboxComponent
Đã thêm quái: @Area2D@126 | Số lượng: 1
==== KIỂM TRA TIMER ====
1. File Stats báo Cooldown là: 1.0 giây
2. Timer thực tế đang cài đặt WaitTime là: 1.0 giây
3. Đã bấm Start! Thời gian đếm ngược còn lại: 1.0 giây
========================
HURTBOX Player_aph ENTERED BY: HitboxComponent (class: HitBoxComponent)
HURTBOX Player_aph DETECTED HITBOX! Damage = 10.0
Blocked
CHÉM TRÚNG: Player_aph
QUÉT TRÚNG RỒI! Tên Area là: HurtboxComponent
HURTBOX Player_aph ENTERED BY: HitboxComponent (class: HitBoxComponent)
HURTBOX Player_aph DETECTED HITBOX! Damage = 10.0
Blocked
CHÉM TRÚNG: Player_aph
CHÉM TRÚNG: @Area2D@126
HURTBOX @Area2D@126 ENTERED BY: HitboxComponent (class: HitBoxComponent)
HURTBOX @Area2D@126 DETECTED HITBOX! Damage = 85.0
@Area2D@126 0.0
QUÉT TRÚNG RỒI! Tên Area là: HitboxComponent
Đã thêm quái: @Area2D@120 | Số lượng: 1
==== KIỂM TRA TIMER ====
1. File Stats báo Cooldown là: 0.1 giây
2. Timer thực tế đang cài đặt WaitTime là: 0.10000000149011612 giây
3. Đã bấm Start! Thời gian đếm ngược còn lại: 0.10000000149011612 giây
========================
QUÉT TRÚNG RỒI! Tên Area là: HurtboxComponent
QUÉT TRÚNG RỒI! Tên Area là: HitboxComponent
Đã thêm quái: @Area2D@120 | Số lượng: 1
==== KIỂM TRA TIMER ====
1. File Stats báo Cooldown là: 1.2 giây
2. Timer thực tế đang cài đặt WaitTime là: 1.2000000476837158 giây
3. Đã bấm Start! Thời gian đếm ngược còn lại: 1.2000000476837158 giây
========================
==== KIỂM TRA TIMER ====
1. File Stats báo Cooldown là: 0.1 giây
2. Timer thực tế đang cài đặt WaitTime là: 0.10000000149011612 giây
3. Đã bấm Start! Thời gian đếm ngược còn lại: 0.10000000149011612 giây
========================
Đạn đã bay màu khỏi màn hình!
QUÉT TRÚNG RỒI! Tên Area là: HurtboxComponent
CHÉM TRÚNG: @Area2D@120
HURTBOX @Area2D@120 ENTERED BY: HitboxComponent (class: HitBoxComponent)
HURTBOX @Area2D@120 DETECTED HITBOX! Damage = 51.0
@Area2D@120 0.0
Đạn đã bay màu khỏi màn hình!
Đạn đã bay màu khỏi màn hình!
CHÉM TRÚNG: @Area2D@127
HURTBOX @Area2D@127 ENTERED BY: HitboxComponent (class: HitBoxComponent)
HURTBOX @Area2D@127 DETECTED HITBOX! Damage = 100.0
@Area2D@127 0.0
Đạn đã bay màu khỏi màn hình!
QUÉT TRÚNG RỒI! Tên Area là: HitboxComponent
Đã thêm quái: @Area2D@121 | Số lượng: 1
Đạn đã bay màu khỏi màn hình!
Đạn đã bay màu khỏi màn hình!
QUÉT TRÚNG RỒI! Tên Area là: HurtboxComponent
CHÉM TRÚNG: @Area2D@134
HURTBOX @Area2D@134 ENTERED BY: HitboxComponent (class: HitBoxComponent)
HURTBOX @Area2D@134 DETECTED HITBOX! Damage = 51.0
@Area2D@134 0.0
HURTBOX Player_aph ENTERED BY: HitboxComponent (class: HitBoxComponent)
HURTBOX Player_aph DETECTED HITBOX! Damage = 10.0
Player_aph 40.0
CHÉM TRÚNG: Player_aph
Đạn đã bay màu khỏi màn hình!
HURTBOX Player_aph ENTERED BY: HitboxComponent (class: HitBoxComponent)
HURTBOX Player_aph DETECTED HITBOX! Damage = 10.0
Blocked
CHÉM TRÚNG: Player_aph
QUÉT TRÚNG RỒI! Tên Area là: HitboxComponent
Đã thêm quái: @Area2D@121 | Số lượng: 1
==== KIỂM TRA TIMER ====
1. File Stats báo Cooldown là: 0.1 giây
2. Timer thực tế đang cài đặt WaitTime là: 0.10000000149011612 giây
3. Đã bấm Start! Thời gian đếm ngược còn lại: 0.10000000149011612 giây
========================
QUÉT TRÚNG RỒI! Tên Area là: HurtboxComponent
QUÉT TRÚNG RỒI! Tên Area là: HitboxComponent
Đã thêm quái: @Area2D@121 | Số lượng: 1
==== KIỂM TRA TIMER ====
1. File Stats báo Cooldown là: 1.0 giây
2. Timer thực tế đang cài đặt WaitTime là: 1.0 giây
3. Đã bấm Start! Thời gian đếm ngược còn lại: 1.0 giây
========================
QUÉT TRÚNG RỒI! Tên Area là: HurtboxComponent
==== KIỂM TRA TIMER ====
1. File Stats báo Cooldown là: 0.1 giây
2. Timer thực tế đang cài đặt WaitTime là: 0.10000000149011612 giây
3. Đã bấm Start! Thời gian đếm ngược còn lại: 0.10000000149011612 giây
========================
HURTBOX @Area2D@121 ENTERED BY: HitboxComponent (class: HitBoxComponent)
HURTBOX @Area2D@121 DETECTED HITBOX! Damage = 51.0
@Area2D@121 0.0
CHÉM TRÚNG: @Area2D@121
Đạn đã bay màu khỏi màn hình!
CHÉM TRÚNG: @Area2D@125
HURTBOX @Area2D@125 ENTERED BY: HitboxComponent (class: HitBoxComponent)
HURTBOX @Area2D@125 DETECTED HITBOX! Damage = 85.0
@Area2D@125 0.0
Đạn đã bay màu khỏi màn hình!
Đạn đã bay màu khỏi màn hình!
Đạn đã bay màu khỏi màn hình!
QUÉT TRÚNG RỒI! Tên Area là: HitboxComponent
Đã thêm quái: @Area2D@142 | Số lượng: 1
==== KIỂM TRA TIMER ====
1. File Stats báo Cooldown là: 1.0 giây
2. Timer thực tế đang cài đặt WaitTime là: 1.0 giây
3. Đã bấm Start! Thời gian đếm ngược còn lại: 1.0 giây
========================
Đạn đã bay màu khỏi màn hình!
QUÉT TRÚNG RỒI! Tên Area là: HurtboxComponent
HURTBOX @Area2D@142 ENTERED BY: HitboxComponent (class: HitBoxComponent)
HURTBOX @Area2D@142 DETECTED HITBOX! Damage = 85.0
@Area2D@142 0.0
CHÉM TRÚNG: @Area2D@142
Đạn đã bay màu khỏi màn hình!
Đạn đã bay màu khỏi màn hình!
QUÉT TRÚNG RỒI! Tên Area là: HitboxComponent
Đã thêm quái: @Area2D@155 | Số lượng: 1
==== KIỂM TRA TIMER ====
1. File Stats báo Cooldown là: 1.0 giây
2. Timer thực tế đang cài đặt WaitTime là: 1.0 giây
3. Đã bấm Start! Thời gian đếm ngược còn lại: 1.0 giây
========================
QUÉT TRÚNG RỒI! Tên Area là: HurtboxComponent
QUÉT TRÚNG RỒI! Tên Area là: HitboxComponent
Đã thêm quái: @Area2D@141 | Số lượng: 1
QUÉT TRÚNG RỒI! Tên Area là: HurtboxComponent
QUÉT TRÚNG RỒI! Tên Area là: HitboxComponent
Đã thêm quái: @Area2D@141 | Số lượng: 1
QUÉT TRÚNG RỒI! Tên Area là: HurtboxComponent
QUÉT TRÚNG RỒI! Tên Area là: HitboxComponent
Đã thêm quái: @Area2D@141 | Số lượng: 1
QUÉT TRÚNG RỒI! Tên Area là: HurtboxComponent
QUÉT TRÚNG RỒI! Tên Area là: HitboxComponent
Đã thêm quái: @Area2D@141 | Số lượng: 1
QUÉT TRÚNG RỒI! Tên Area là: HurtboxComponent
==== KIỂM TRA TIMER ====
1. File Stats báo Cooldown là: 0.1 giây
2. Timer thực tế đang cài đặt WaitTime là: 0.10000000149011612 giây
3. Đã bấm Start! Thời gian đếm ngược còn lại: 0.10000000149011612 giây
========================
==== KIỂM TRA TIMER ====
1. File Stats báo Cooldown là: 0.9 giây
2. Timer thực tế đang cài đặt WaitTime là: 0.8999999761581421 giây
3. Đã bấm Start! Thời gian đếm ngược còn lại: 0.8999999761581421 giây
========================
==== KIỂM TRA TIMER ====
1. File Stats báo Cooldown là: 1.2 giây
2. Timer thực tế đang cài đặt WaitTime là: 1.2000000476837158 giây
3. Đã bấm Start! Thời gian đếm ngược còn lại: 1.2000000476837158 giây
========================
==== KIỂM TRA TIMER ====
1. File Stats báo Cooldown là: 1.0 giây
2. Timer thực tế đang cài đặt WaitTime là: 1.0 giây
3. Đã bấm Start! Thời gian đếm ngược còn lại: 1.0 giây
========================
HURTBOX Player_aph ENTERED BY: HitboxComponent (class: HitBoxComponent)
HURTBOX Player_aph DETECTED HITBOX! Damage = 1.0
Blocked
CHÉM TRÚNG: Player_aph
HURTBOX @Area2D@141 ENTERED BY: Player_aph (class: Player)
CHÉM TRÚNG: @Area2D@141
HURTBOX @Area2D@141 ENTERED BY: HitboxComponent (class: HitBoxComponent)
HURTBOX @Area2D@141 DETECTED HITBOX! Damage = 51.0
@Area2D@141 0.0
HURTBOX @Area2D@141 ENTERED BY: HitboxComponent (class: HitBoxComponent)
HURTBOX @Area2D@141 DETECTED HITBOX! Damage = 170.0
HURTBOX @Area2D@141 ENTERED BY: HitBoxComponent (class: HitBoxComponent)
HURTBOX @Area2D@141 DETECTED HITBOX! Damage = 62.0
HURTBOX @Area2D@141 ENTERED BY: HitBoxComponent (class: HitBoxComponent)
HURTBOX @Area2D@141 DETECTED HITBOX! Damage = 65.0
CHÉM TRÚNG: @Area2D@141
HURTBOX @Area2D@155 ENTERED BY: HitboxComponent (class: HitBoxComponent)
HURTBOX @Area2D@155 DETECTED HITBOX! Damage = 85.0
@Area2D@155 0.0
CHÉM TRÚNG: @Area2D@155
